******************************************************************************
                  TI ARM Linker PC v20.2.7                     
******************************************************************************
>> Linked Wed Dec 17 17:32:30 2025

OUTPUT FILE NAME:   <Blink_CM.out>
ENTRY POINT SYMBOL: "_c_int00_noargs"  address: 002013bd


MEMORY CONFIGURATION

         name            origin    length      used     unused   attr    fill
----------------------  --------  ---------  --------  --------  ----  --------
  CMBANK0_RESETISR      00200000   00000008  00000006  00000002  RWIX
  CMBANK0_SECTOR0       00200008   00003ff7  0000169a  0000295d  RWIX
  CMBANK0_SECTOR1       00204000   00004000  00000000  00004000  RWIX
  CMBANK0_SECTOR2       00208000   00004000  00000000  00004000  RWIX
  CMBANK0_SECTOR3       0020c000   00004000  00000000  00004000  RWIX
  CMBANK0_SECTOR4       00210000   00010000  00000000  00010000  RWIX
  CMBANK0_SECTOR5       00220000   00010000  00000000  00010000  RWIX
  CMBANK0_SECTOR6       00230000   00010000  00000000  00010000  RWIX
  CMBANK0_SECTOR7       00240000   00010000  00000000  00010000  RWIX
  CMBANK0_SECTOR8       00250000   00010000  00000000  00010000  RWIX
  CMBANK0_SECTOR9       00260000   00010000  00000000  00010000  RWIX
  CMBANK0_SECTOR10      00270000   00004000  00000000  00004000  RWIX
  CMBANK0_SECTOR11      00274000   00004000  00000000  00004000  RWIX
  CMBANK0_SECTOR12      00278000   00004000  00000000  00004000  RWIX
  CMBANK0_SECTOR13      0027c000   00004000  00000000  00004000  RWIX
  C1RAM                 1fffc000   00001fff  00000100  00001eff  RWIX
  C0RAM                 1fffe000   00001fff  00000000  00001fff  RWIX
  BOOT_RSVD             20000000   00000800  00000000  00000800  RWIX
  S0RAM                 20000800   000037ff  00000172  0000368d  RWIX
  S1RAM                 20004000   00003fff  00000000  00003fff  RWIX
  S2RAM                 20008000   00003fff  00000000  00003fff  RWIX
  S3RAM                 2000c000   00003fff  000002b8  00003d47  RWIX
  E0RAM                 20010000   00003fff  00000000  00003fff  RWIX
  CPU1TOCMMSGRAM0       20080000   00000800  00000000  00000800  RWIX
  CPU1TOCMMSGRAM1       20080800   00000800  00000000  00000800  RWIX
  CMTOCPU1MSGRAM0       20082000   00000800  00000000  00000800  RWIX
  CMTOCPU1MSGRAM1       20082800   00000800  00000000  00000800  RWIX
  CPU2TOCMMSGRAM0       20084000   00000800  00000000  00000800  RWIX
  CPU2TOCMMSGRAM1       20084800   00000800  00000000  00000800  RWIX
  CMTOCPU2MSGRAM0       20086000   00000800  00000000  00000800  RWIX
  CMTOCPU2MSGRAM1       20086800   00000800  00000000  00000800  RWIX


SEGMENT ALLOCATION MAP

run origin  load origin   length   init length attrs members
----------  ----------- ---------- ----------- ----- -------
00200000    00200000    00001500   00001500    r-x
  00200000    00200000    00000006   00000006    r-x .resetisr
  00200008    00200008    000003f8   000003f8    r-x .text.1
  00200400    00200400    00000140   00000140    r-- .vftable
  00200540    00200540    00000fc0   00000fc0    r-x .text.2
00201678    00201678    00000030   00000030    r--
  00201678    00201678    00000030   00000030    r-- .cinit
1fffc000    1fffc000    00000100   00000000    rw-
  1fffc000    1fffc000    00000100   00000000    rw- .stack
20000800    00201500    00000172   00000172    r-x
  20000800    00201500    00000172   00000172    r-x .TI.ramfunc
2000c000    2000c000    000002b8   00000000    rw-
  2000c000    2000c000    0000025c   00000000    rw- .bss
  2000c25c    2000c25c    0000005c   00000000    rw- .data


SECTION ALLOCATION MAP

 output                                  attributes/
section   page    origin      length       input sections
--------  ----  ----------  ----------   ----------------
.resetisr 
*          0    00200000    00000006     
                  00200000    00000006     startup_cm.obj (.resetisr:resetISR)

.vftable   0    00200400    00000140     
                  00200400    00000140     startup_cm.obj (.vftable:retain)

.cinit     0    00201678    00000030     
                  00201678    0000000c     (__TI_handler_table)
                  00201684    00000004     --HOLE-- [fill = 0]
                  00201688    00000008     (.cinit..bss.load) [load image, compression = zero_init]
                  00201690    00000008     (.cinit..data.load) [load image, compression = lzss]
                  00201698    00000010     (__TI_cinit_table)

.stack     0    1fffc000    00000100     UNINITIALIZED
                  1fffc000    00000004     rtsv7M4_T_le_eabi.lib : boot_cortex_m.c.obj (.stack)
                  1fffc004    000000fc     --HOLE--

.bss       0    2000c000    0000025c     UNINITIALIZED
                  2000c000    0000025c     (.common:Ethernet_device_struct)

.data      0    2000c25c    0000005c     UNINITIALIZED
                  2000c25c    0000005c     ethernet.obj (.data)

.TI.ramfunc 
*          0    00201500    00000172     RUN ADDR = 20000800
                  00201500    00000070     flash.obj (.TI.ramfunc:Flash_initModule)
                  00201570    00000008     flash.obj (.tramp.Flash_unlockCtrlRegisters.1)
                  00201578    00000008     flash.obj (.tramp.Flash_unlockECCRegisters.1)
                  00201580    00000030     flash.obj (.TI.ramfunc:Flash_setBankPowerMode)
                  002015b0    00000022     flash.obj (.TI.ramfunc:Flash_setWaitstates)
                  002015d2    00000020     flash.obj (.TI.ramfunc:Flash_setPumpPowerMode)
                  002015f2    0000001a     flash.obj (.TI.ramfunc:Flash_enableECC)
                  0020160c    00000018     flash.obj (.TI.ramfunc:Flash_disableDataCache)
                  00201624    00000018     flash.obj (.TI.ramfunc:Flash_disableProgramCache)
                  0020163c    00000018     flash.obj (.TI.ramfunc:Flash_enableDataCache)
                  00201654    00000018     flash.obj (.TI.ramfunc:Flash_enableProgramCache)
                  0020166c    00000006     sysctl.obj (.TI.ramfunc)

__llvm_prf_cnts 
*          0    2000c000    00000000     UNINITIALIZED

.text.1    0    00200008    000003f8     
                  00200008    0000033c     ethernet.obj (.text:Ethernet_addPacketsIntoTxQueue)
                  00200344    0000009c     rtsv7M4_T_le_eabi.lib : memcpy_t2.asm.obj (.text)
                  002003e0    0000001e     ethernet.obj (.text:Ethernet_clearDMAChannelInterrupt)
                  002003fe    00000002     startup_cm.obj (.text:defaultISR)

.text.2    0    00200540    00000fc0     
                  00200540    000004f4     ethernet.obj (.text:Ethernet_genericISR)
                  00200a34    000002c8     ethernet.obj (.text:Ethernet_removePacketsFromRxQueue)
                  00200cfc    00000134     ethernet.obj (.text:Ethernet_removePacketsFromTxQueue)
                  00200e30    00000096     ethernet.obj (.text:Ethernet_writePHYRegister)
                  00200ec6    00000002     startup_cm.obj (.text:faultISR)
                  00200ec8    00000088     ethernet.obj (.text:Ethernet_addPacketsIntoRxQueue)
                  00200f50    00000076     cm.obj (.text:CM_enableAllPeripherals)
                  00200fc6    00000072     ethernet.obj (.text:Ethernet_readPHYRegister)
                  00201038    00000070     ethernet.obj (.text:Ethernet_receiveISR)
                  002010a8    00000070     ethernet.obj (.text:Ethernet_transmitISR)
                  00201118    00000068     rtsv7M4_T_le_eabi.lib : copy_decompress_lzss.c.obj (.text:decompress:lzss:__TI_decompress_lzss)
                  00201180    00000048     sysctl.obj (.text:SysCtl_enablePeripheral)
                  002011c8    00000044     rtsv7M4_T_le_eabi.lib : autoinit.c.obj (.text:__TI_auto_init_nobinit_nopinit:__TI_auto_init_nobinit_nopinit)
                  0020120c    00000040     cm.obj (.text:CM_init)
                  0020124c    00000008     flash.obj (.tramp.Flash_initModule.1)
                  00201254    0000003c     ethernet.obj (.text:Ethernet_performPushOnPacketQueue)
                  00201290    00000030     ethernet.obj (.text:Ethernet_configureEEEClockGatingControl)
                  002012c0    00000030     ethernet.obj (.text:Ethernet_getOneStepTransmitTimestampPTP)
                  002012f0    0000002c     ethernet.obj (.text:Ethernet_isTimestampIntActive)
                  0020131c    0000002c     ethernet.obj (.text:Ethernet_isTransmitTimestampStatusSet)
                  00201348    00000028     main.obj (.text:GPIO_togglePin)
                  00201370    00000026     ethernet.obj (.text:Ethernet_getRxERICount)
                  00201396    00000026     ethernet.obj (.text:Ethernet_performPopOnPacketQueue)
                  002013bc    00000024     rtsv7M4_T_le_eabi.lib : boot_cortex_m.c.obj (.text:_c_int00_noargs:_c_int00_noargs)
                  002013e0    0000001e     ethernet.obj (.text:Ethernet_getPHYMode)
                  002013fe    0000001e     ethernet.obj (.text:Ethernet_writeRxDescTailPointer)
                  0020141c    0000001e     ethernet.obj (.text:Ethernet_writeTxDescTailPointer)
                  0020143a    0000001c     rtsv7M4_T_le_eabi.lib : copy_zero_init.c.obj (.text:decompress:ZI:__TI_zero_init_nomemset:__TI_zero_init_nomemset)
                  00201456    00000002     startup_cm.obj (.text:nmiISR)
                  00201458    00000018     main.obj (.text:main)
                  00201470    00000008     sysctl.obj (.tramp.SysCtl_delay.1)
                  00201478    00000016     ethernet.obj (.text:Ethernet_disableTxEEEMode)
                  0020148e    00000014     flash.obj (.text:Flash_unlockCtrlRegisters)
                  002014a2    00000002     --HOLE-- [fill = 0]
                  002014a4    00000014     cm.obj (.text:Interrupt_setVectorTableOffset)
                  002014b8    00000012     flash.obj (.text:Flash_unlockECCRegisters)
                  002014ca    00000002     --HOLE-- [fill = 0]
                  002014cc    00000010     cm.obj (.text:SysCtl_disableWatchdog)
                  002014dc    0000000e     ethernet.obj (.text:Ethernet_returnTopOfPacketQueue)
                  002014ea    0000000e     rtsv7M4_T_le_eabi.lib : copy_decompress_none.c.obj (.text:decompress:none:__TI_decompress_none)
                  002014f8    00000004                           : pre_init.c.obj (.text:_system_pre_init)
                  002014fc    00000004                           : exit.c.obj (.text:abort:abort)

MODULE SUMMARY

       Module                       code   ro data   rw data
       ------                       ----   -------   -------
    .\
       main.obj                     64     0         0      
    +--+----------------------------+------+---------+---------+
       Total:                       64     0         0      
                                                            
    .\common\device\
       startup_cm.obj               12     320       0      
       cm.obj                       218    0         0      
    +--+----------------------------+------+---------+---------+
       Total:                       230    320       0      
                                                            
    .\common\device\driverlib_cm\
       ethernet.obj                 4216   0         696    
       flash.obj                    774    0         0      
       sysctl.obj                   92     0         0      
    +--+----------------------------+------+---------+---------+
       Total:                       5082   0         696    
                                                            
    C:\ti\ccs1210\ccs\tools\compiler\ti-cgt-arm_20.2.7.LTS\lib\rtsv7M4_T_le_eabi.lib
       memcpy_t2.asm.obj            156    0         0      
       copy_decompress_lzss.c.obj   104    0         0      
       autoinit.c.obj               68     0         0      
       boot_cortex_m.c.obj          36     0         0      
       copy_zero_init.c.obj         28     0         0      
       copy_decompress_none.c.obj   14     0         0      
       exit.c.obj                   4      0         0      
       pre_init.c.obj               4      0         0      
    +--+----------------------------+------+---------+---------+
       Total:                       414    0         0      
                                                            
       Stack:                       0      0         256    
       Linker Generated:            0      44        0      
    +--+----------------------------+------+---------+---------+
       Grand Total:                 5790   364       952    


LINKER GENERATED COPY TABLES

__TI_cinit_table @ 00201698 records: 2, size/record: 8, table size: 16
	.bss: load addr=00201688, load size=00000008 bytes, run addr=2000c000, run size=0000025c bytes, compression=zero_init
	.data: load addr=00201690, load size=00000008 bytes, run addr=2000c25c, run size=0000005c bytes, compression=lzss


LINKER GENERATED HANDLER TABLE

__TI_handler_table @ 00201678 records: 3, size/record: 4, table size: 12
	index: 0, handler: __TI_decompress_lzss
	index: 1, handler: __TI_decompress_none
	index: 2, handler: __TI_zero_init


FAR CALL TRAMPOLINES

callee name               trampoline name
   callee addr  tramp addr   call addr  call info
--------------  -----------  ---------  ----------------
Flash_initModule          $Tramp$TT$L$PI$$Flash_initModule
   20000801     0020124c     00201222   cm.obj (.text:CM_init)
SysCtl_delay              $Tramp$TT$L$PI$$SysCtl_delay
   2000096d     00201470     00201466   main.obj (.text:main)
Flash_unlockCtrlRegisters  $Tramp$TT$L$PI$$Flash_unlockCtrlRegisters
   0020148f     20000870     20000810   flash.obj (.TI.ramfunc:Flash_initModule)
Flash_unlockECCRegisters  $Tramp$TT$L$PI$$Flash_unlockECCRegisters
   002014b9     20000878     20000816   flash.obj (.TI.ramfunc:Flash_initModule)

[4 trampolines]
[4 trampoline calls]


GLOBAL SYMBOLS: SORTED ALPHABETICALLY BY Name 

address   name                                      
-------   ----                                      
002014fd  C$$EXIT                                   
00200f51  CM_enableAllPeripherals                   
0020120d  CM_init                                   
00200ec9  Ethernet_addPacketsIntoRxQueue            
00200009  Ethernet_addPacketsIntoTxQueue            
002003e1  Ethernet_clearDMAChannelInterrupt         
00201291  Ethernet_configureEEEClockGatingControl   
2000c000  Ethernet_device_struct                    
00201479  Ethernet_disableTxEEEMode                 
2000c278  Ethernet_earlyRxInterruptCount            
2000c27c  Ethernet_earlyTxInterruptCount            
2000c294  Ethernet_eeeRxLPIEntryCount               
2000c298  Ethernet_eeeRxLPIExitCount                
2000c28c  Ethernet_eeeTxLPIEntryCount               
2000c290  Ethernet_eeeTxLPIExitCount                
00200541  Ethernet_genericISR                       
2000c274  Ethernet_genericInterruptCount            
2000c280  Ethernet_genericRxCompletionInterruptCount
002012c1  Ethernet_getOneStepTransmitTimestampPTP   
002013e1  Ethernet_getPHYMode                       
00201371  Ethernet_getRxERICount                    
002012f1  Ethernet_isTimestampIntActive             
0020131d  Ethernet_isTransmitTimestampStatusSet     
2000c2a0  Ethernet_magicPktReceivedCount            
2000c264  Ethernet_numGetPacketBufferCallback       
2000c260  Ethernet_numRxCallback                    
2000c25c  Ethernet_numTxPktFreeCallback             
2000c284  Ethernet_phyLinkStatusChangeInterruptCount
2000c29c  Ethernet_pmtInterruptCount                
00200fc7  Ethernet_readPHYRegister                  
00201039  Ethernet_receiveISR                       
00200a35  Ethernet_removePacketsFromRxQueue         
00200cfd  Ethernet_removePacketsFromTxQueue         
2000c2a4  Ethernet_rwakeupPktReceivedCount          
2000c2ac  Ethernet_rxChan0BufUnavail                
2000c2b4  Ethernet_rxChan1BufUnavail                
2000c270  Ethernet_rxContextTimeStamp               
2000c26c  Ethernet_rxInterruptCount                 
2000c288  Ethernet_rxReplacementFailedCount         
002010a9  Ethernet_transmitISR                      
2000c2a8  Ethernet_txChan0BufUnavail                
2000c2b0  Ethernet_txChan1BufUnavail                
2000c268  Ethernet_txInterruptCount                 
00200e31  Ethernet_writePHYRegister                 
002013ff  Ethernet_writeRxDescTailPointer           
0020141d  Ethernet_writeTxDescTailPointer           
20000801  Flash_initModule                          
00201672  RamfuncsLoadEnd                           
00000172  RamfuncsLoadSize                          
00201500  RamfuncsLoadStart                         
20000972  RamfuncsRunEnd                            
00000172  RamfuncsRunSize                           
20000800  RamfuncsRunStart                          
2000096d  SysCtl_delay                              
00201181  SysCtl_enablePeripheral                   
1fffc100  __STACK_END                               
00000100  __STACK_SIZE                              
00201698  __TI_CINIT_Base                           
002016a8  __TI_CINIT_Limit                          
00201678  __TI_Handler_Table_Base                   
00201684  __TI_Handler_Table_Limit                  
002011c9  __TI_auto_init_nobinit_nopinit            
00201119  __TI_decompress_lzss                      
002014eb  __TI_decompress_none                      
ffffffff  __TI_pprof_out_hndl                       
ffffffff  __TI_prof_data_size                       
ffffffff  __TI_prof_data_start                      
00201678  __TI_static_base__                        
0020143b  __TI_zero_init_nomemset                   
00200345  __aeabi_memcpy                            
00200345  __aeabi_memcpy4                           
00200345  __aeabi_memcpy8                           
ffffffff  __binit__                                 
ffffffff  __c_args__                                
UNDEFED   __mpu_init                                
1fffc000  __stack                                   
2000c000  __start___llvm_prf_cnts                   
2000c000  __stop___llvm_prf_cnts                    
002013bd  _c_int00_noargs                           
UNDEFED   _system_post_cinit                        
002014f9  _system_pre_init                          
002014fd  abort                                     
ffffffff  binit                                     
00201459  main                                      
00200345  memcpy                                    
00200400  vectorTableFlash                          


GLOBAL SYMBOLS: SORTED BY Symbol Address 

address   name                                      
-------   ----                                      
00000100  __STACK_SIZE                              
00000172  RamfuncsLoadSize                          
00000172  RamfuncsRunSize                           
00200009  Ethernet_addPacketsIntoTxQueue            
00200345  __aeabi_memcpy                            
00200345  __aeabi_memcpy4                           
00200345  __aeabi_memcpy8                           
00200345  memcpy                                    
002003e1  Ethernet_clearDMAChannelInterrupt         
00200400  vectorTableFlash                          
00200541  Ethernet_genericISR                       
00200a35  Ethernet_removePacketsFromRxQueue         
00200cfd  Ethernet_removePacketsFromTxQueue         
00200e31  Ethernet_writePHYRegister                 
00200ec9  Ethernet_addPacketsIntoRxQueue            
00200f51  CM_enableAllPeripherals                   
00200fc7  Ethernet_readPHYRegister                  
00201039  Ethernet_receiveISR                       
002010a9  Ethernet_transmitISR                      
00201119  __TI_decompress_lzss                      
00201181  SysCtl_enablePeripheral                   
002011c9  __TI_auto_init_nobinit_nopinit            
0020120d  CM_init                                   
00201291  Ethernet_configureEEEClockGatingControl   
002012c1  Ethernet_getOneStepTransmitTimestampPTP   
002012f1  Ethernet_isTimestampIntActive             
0020131d  Ethernet_isTransmitTimestampStatusSet     
00201371  Ethernet_getRxERICount                    
002013bd  _c_int00_noargs                           
002013e1  Ethernet_getPHYMode                       
002013ff  Ethernet_writeRxDescTailPointer           
0020141d  Ethernet_writeTxDescTailPointer           
0020143b  __TI_zero_init_nomemset                   
00201459  main                                      
00201479  Ethernet_disableTxEEEMode                 
002014eb  __TI_decompress_none                      
002014f9  _system_pre_init                          
002014fd  C$$EXIT                                   
002014fd  abort                                     
00201500  RamfuncsLoadStart                         
00201672  RamfuncsLoadEnd                           
00201678  __TI_Handler_Table_Base                   
00201678  __TI_static_base__                        
00201684  __TI_Handler_Table_Limit                  
00201698  __TI_CINIT_Base                           
002016a8  __TI_CINIT_Limit                          
1fffc000  __stack                                   
1fffc100  __STACK_END                               
20000800  RamfuncsRunStart                          
20000801  Flash_initModule                          
2000096d  SysCtl_delay                              
20000972  RamfuncsRunEnd                            
2000c000  Ethernet_device_struct                    
2000c000  __start___llvm_prf_cnts                   
2000c000  __stop___llvm_prf_cnts                    
2000c25c  Ethernet_numTxPktFreeCallback             
2000c260  Ethernet_numRxCallback                    
2000c264  Ethernet_numGetPacketBufferCallback       
2000c268  Ethernet_txInterruptCount                 
2000c26c  Ethernet_rxInterruptCount                 
2000c270  Ethernet_rxContextTimeStamp               
2000c274  Ethernet_genericInterruptCount            
2000c278  Ethernet_earlyRxInterruptCount            
2000c27c  Ethernet_earlyTxInterruptCount            
2000c280  Ethernet_genericRxCompletionInterruptCount
2000c284  Ethernet_phyLinkStatusChangeInterruptCount
2000c288  Ethernet_rxReplacementFailedCount         
2000c28c  Ethernet_eeeTxLPIEntryCount               
2000c290  Ethernet_eeeTxLPIExitCount                
2000c294  Ethernet_eeeRxLPIEntryCount               
2000c298  Ethernet_eeeRxLPIExitCount                
2000c29c  Ethernet_pmtInterruptCount                
2000c2a0  Ethernet_magicPktReceivedCount            
2000c2a4  Ethernet_rwakeupPktReceivedCount          
2000c2a8  Ethernet_txChan0BufUnavail                
2000c2ac  Ethernet_rxChan0BufUnavail                
2000c2b0  Ethernet_txChan1BufUnavail                
2000c2b4  Ethernet_rxChan1BufUnavail                
ffffffff  __TI_pprof_out_hndl                       
ffffffff  __TI_prof_data_size                       
ffffffff  __TI_prof_data_start                      
ffffffff  __binit__                                 
ffffffff  __c_args__                                
ffffffff  binit                                     
UNDEFED   __mpu_init                                
UNDEFED   _system_post_cinit                        

[86 symbols]
