<?xml version="1.0" encoding="ISO-8859-1" ?>
<link_info>
   <banner>TMS320C2000 Linker PC v22.6.0.LTS</banner>
   <copyright>Copyright (c) 1996-2018 Texas Instruments Incorporated</copyright>
   <link_time>0x69426a37</link_time>
   <link_errors>0x0</link_errors>
   <output_file>Blink_CPU1.out</output_file>
   <entry_point>
      <name>_c_int00</name>
      <address>0x82ae0</address>
   </entry_point>
   <input_file_list>
      <input_file id="fl-2">
         <path>.\</path>
         <kind>object</kind>
         <file>main.obj</file>
         <name>main.obj</name>
      </input_file>
      <input_file id="fl-3">
         <path>.\common\device\</path>
         <kind>object</kind>
         <file>device.obj</file>
         <name>device.obj</name>
      </input_file>
      <input_file id="fl-4">
         <path>.\common\device\</path>
         <kind>object</kind>
         <file>f2838x_codestartbranch.obj</file>
         <name>f2838x_codestartbranch.obj</name>
      </input_file>
      <input_file id="fl-5">
         <path>.\common\device\driverlib\</path>
         <kind>object</kind>
         <file>adc.obj</file>
         <name>adc.obj</name>
      </input_file>
      <input_file id="fl-6">
         <path>.\common\device\driverlib\</path>
         <kind>object</kind>
         <file>asysctl.obj</file>
         <name>asysctl.obj</name>
      </input_file>
      <input_file id="fl-7">
         <path>.\common\device\driverlib\</path>
         <kind>object</kind>
         <file>bgcrc.obj</file>
         <name>bgcrc.obj</name>
      </input_file>
      <input_file id="fl-8">
         <path>.\common\device\driverlib\</path>
         <kind>object</kind>
         <file>can.obj</file>
         <name>can.obj</name>
      </input_file>
      <input_file id="fl-9">
         <path>.\common\device\driverlib\</path>
         <kind>object</kind>
         <file>cla.obj</file>
         <name>cla.obj</name>
      </input_file>
      <input_file id="fl-a">
         <path>.\common\device\driverlib\</path>
         <kind>object</kind>
         <file>clb.obj</file>
         <name>clb.obj</name>
      </input_file>
      <input_file id="fl-b">
         <path>.\common\device\driverlib\</path>
         <kind>object</kind>
         <file>cmpss.obj</file>
         <name>cmpss.obj</name>
      </input_file>
      <input_file id="fl-c">
         <path>.\common\device\driverlib\</path>
         <kind>object</kind>
         <file>cputimer.obj</file>
         <name>cputimer.obj</name>
      </input_file>
      <input_file id="fl-d">
         <path>.\common\device\driverlib\</path>
         <kind>object</kind>
         <file>dac.obj</file>
         <name>dac.obj</name>
      </input_file>
      <input_file id="fl-e">
         <path>.\common\device\driverlib\</path>
         <kind>object</kind>
         <file>dcc.obj</file>
         <name>dcc.obj</name>
      </input_file>
      <input_file id="fl-f">
         <path>.\common\device\driverlib\</path>
         <kind>object</kind>
         <file>dcsm.obj</file>
         <name>dcsm.obj</name>
      </input_file>
      <input_file id="fl-10">
         <path>.\common\device\driverlib\</path>
         <kind>object</kind>
         <file>dma.obj</file>
         <name>dma.obj</name>
      </input_file>
      <input_file id="fl-11">
         <path>.\common\device\driverlib\</path>
         <kind>object</kind>
         <file>ecap.obj</file>
         <name>ecap.obj</name>
      </input_file>
      <input_file id="fl-12">
         <path>.\common\device\driverlib\</path>
         <kind>object</kind>
         <file>emif.obj</file>
         <name>emif.obj</name>
      </input_file>
      <input_file id="fl-13">
         <path>.\common\device\driverlib\</path>
         <kind>object</kind>
         <file>epwm.obj</file>
         <name>epwm.obj</name>
      </input_file>
      <input_file id="fl-14">
         <path>.\common\device\driverlib\</path>
         <kind>object</kind>
         <file>eqep.obj</file>
         <name>eqep.obj</name>
      </input_file>
      <input_file id="fl-15">
         <path>.\common\device\driverlib\</path>
         <kind>object</kind>
         <file>erad.obj</file>
         <name>erad.obj</name>
      </input_file>
      <input_file id="fl-16">
         <path>.\common\device\driverlib\</path>
         <kind>object</kind>
         <file>escss.obj</file>
         <name>escss.obj</name>
      </input_file>
      <input_file id="fl-17">
         <path>.\common\device\driverlib\</path>
         <kind>object</kind>
         <file>flash.obj</file>
         <name>flash.obj</name>
      </input_file>
      <input_file id="fl-18">
         <path>.\common\device\driverlib\</path>
         <kind>object</kind>
         <file>fsi.obj</file>
         <name>fsi.obj</name>
      </input_file>
      <input_file id="fl-19">
         <path>.\common\device\driverlib\</path>
         <kind>object</kind>
         <file>gpio.obj</file>
         <name>gpio.obj</name>
      </input_file>
      <input_file id="fl-1a">
         <path>.\common\device\driverlib\</path>
         <kind>object</kind>
         <file>hrcap.obj</file>
         <name>hrcap.obj</name>
      </input_file>
      <input_file id="fl-1b">
         <path>.\common\device\driverlib\</path>
         <kind>object</kind>
         <file>hrpwm.obj</file>
         <name>hrpwm.obj</name>
      </input_file>
      <input_file id="fl-1c">
         <path>.\common\device\driverlib\</path>
         <kind>object</kind>
         <file>i2c.obj</file>
         <name>i2c.obj</name>
      </input_file>
      <input_file id="fl-1d">
         <path>.\common\device\driverlib\</path>
         <kind>object</kind>
         <file>interrupt.obj</file>
         <name>interrupt.obj</name>
      </input_file>
      <input_file id="fl-1e">
         <path>.\common\device\driverlib\</path>
         <kind>object</kind>
         <file>ipc.obj</file>
         <name>ipc.obj</name>
      </input_file>
      <input_file id="fl-1f">
         <path>.\common\device\driverlib\</path>
         <kind>object</kind>
         <file>mcan.obj</file>
         <name>mcan.obj</name>
      </input_file>
      <input_file id="fl-20">
         <path>.\common\device\driverlib\</path>
         <kind>object</kind>
         <file>mcbsp.obj</file>
         <name>mcbsp.obj</name>
      </input_file>
      <input_file id="fl-21">
         <path>.\common\device\driverlib\</path>
         <kind>object</kind>
         <file>memcfg.obj</file>
         <name>memcfg.obj</name>
      </input_file>
      <input_file id="fl-22">
         <path>.\common\device\driverlib\</path>
         <kind>object</kind>
         <file>pmbus.obj</file>
         <name>pmbus.obj</name>
      </input_file>
      <input_file id="fl-23">
         <path>.\common\device\driverlib\</path>
         <kind>object</kind>
         <file>sci.obj</file>
         <name>sci.obj</name>
      </input_file>
      <input_file id="fl-24">
         <path>.\common\device\driverlib\</path>
         <kind>object</kind>
         <file>sdfm.obj</file>
         <name>sdfm.obj</name>
      </input_file>
      <input_file id="fl-25">
         <path>.\common\device\driverlib\</path>
         <kind>object</kind>
         <file>spi.obj</file>
         <name>spi.obj</name>
      </input_file>
      <input_file id="fl-26">
         <path>.\common\device\driverlib\</path>
         <kind>object</kind>
         <file>sysctl.obj</file>
         <name>sysctl.obj</name>
      </input_file>
      <input_file id="fl-27">
         <path>.\common\device\driverlib\</path>
         <kind>object</kind>
         <file>usb.obj</file>
         <name>usb.obj</name>
      </input_file>
      <input_file id="fl-28">
         <path>.\common\device\driverlib\</path>
         <kind>object</kind>
         <file>version.obj</file>
         <name>version.obj</name>
      </input_file>
      <input_file id="fl-29">
         <path>.\common\device\driverlib\</path>
         <kind>object</kind>
         <file>xbar.obj</file>
         <name>xbar.obj</name>
      </input_file>
      <input_file id="fl-2d">
         <kind>object</kind>
         <file>&lt;internal&gt;</file>
         <name>&lt;internal&gt;</name>
      </input_file>
      <input_file id="fl-39">
         <path>C:\ti\ccs1210\ccs\tools\compiler\ti-cgt-c2000_22.6.0.LTS\lib\</path>
         <kind>archive</kind>
         <file>rts2800_fpu64_eabi.lib</file>
         <name>boot28.asm.obj</name>
      </input_file>
      <input_file id="fl-3a">
         <path>C:\ti\ccs1210\ccs\tools\compiler\ti-cgt-c2000_22.6.0.LTS\lib\</path>
         <kind>archive</kind>
         <file>rts2800_fpu64_eabi.lib</file>
         <name>fs_div28.asm.obj</name>
      </input_file>
      <input_file id="fl-3b">
         <path>C:\ti\ccs1210\ccs\tools\compiler\ti-cgt-c2000_22.6.0.LTS\lib\</path>
         <kind>archive</kind>
         <file>rts2800_fpu64_eabi.lib</file>
         <name>memcpy.c.obj</name>
      </input_file>
      <input_file id="fl-3c">
         <path>C:\ti\ccs1210\ccs\tools\compiler\ti-cgt-c2000_22.6.0.LTS\lib\</path>
         <kind>archive</kind>
         <file>rts2800_fpu64_eabi.lib</file>
         <name>pre_init.c.obj</name>
      </input_file>
      <input_file id="fl-3d">
         <path>C:\ti\ccs1210\ccs\tools\compiler\ti-cgt-c2000_22.6.0.LTS\lib\</path>
         <kind>archive</kind>
         <file>rts2800_fpu64_eabi.lib</file>
         <name>autoinit.c.obj</name>
      </input_file>
      <input_file id="fl-3e">
         <path>C:\ti\ccs1210\ccs\tools\compiler\ti-cgt-c2000_22.6.0.LTS\lib\</path>
         <kind>archive</kind>
         <file>rts2800_fpu64_eabi.lib</file>
         <name>copy_zero_init.c.obj</name>
      </input_file>
      <input_file id="fl-3f">
         <path>C:\ti\ccs1210\ccs\tools\compiler\ti-cgt-c2000_22.6.0.LTS\lib\</path>
         <kind>archive</kind>
         <file>rts2800_fpu64_eabi.lib</file>
         <name>copy_decompress_none.c.obj</name>
      </input_file>
      <input_file id="fl-40">
         <path>C:\ti\ccs1210\ccs\tools\compiler\ti-cgt-c2000_22.6.0.LTS\lib\</path>
         <kind>archive</kind>
         <file>rts2800_fpu64_eabi.lib</file>
         <name>copy_decompress_lzss.c.obj</name>
      </input_file>
      <input_file id="fl-41">
         <path>C:\ti\ccs1210\ccs\tools\compiler\ti-cgt-c2000_22.6.0.LTS\lib\</path>
         <kind>archive</kind>
         <file>rts2800_fpu64_eabi.lib</file>
         <name>exit.c.obj</name>
      </input_file>
      <input_file id="fl-42">
         <path>C:\ti\ccs1210\ccs\tools\compiler\ti-cgt-c2000_22.6.0.LTS\lib\</path>
         <kind>archive</kind>
         <file>rts2800_fpu64_eabi.lib</file>
         <name>_lock.c.obj</name>
      </input_file>
      <input_file id="fl-43">
         <path>C:\ti\ccs1210\ccs\tools\compiler\ti-cgt-c2000_22.6.0.LTS\lib\</path>
         <kind>archive</kind>
         <file>rts2800_fpu64_eabi.lib</file>
         <name>args_main.c.obj</name>
      </input_file>
      <input_file id="fl-44">
         <path>C:\ti\ccs1210\ccs\tools\compiler\ti-cgt-c2000_22.6.0.LTS\lib\</path>
         <kind>archive</kind>
         <file>rts2800_fpu64_eabi.lib</file>
         <name>memset.c.obj</name>
      </input_file>
      <input_file id="fl-45">
         <path>C:\ti\ccs1210\ccs\tools\compiler\ti-cgt-c2000_22.6.0.LTS\lib\</path>
         <kind>archive</kind>
         <file>rts2800_fpu64_eabi.lib</file>
         <name>cpy_tbl.c.obj</name>
      </input_file>
      <input_file id="fl-46">
         <path>C:\ti\ccs1210\ccs\tools\compiler\ti-cgt-c2000_22.6.0.LTS\lib\</path>
         <kind>archive</kind>
         <file>rts2800_fpu64_eabi.lib</file>
         <name>startup.c.obj</name>
      </input_file>
   </input_file_list>
   <object_component_list>
      <object_component id="oc-36">
         <name>codestart</name>
         <load_address>0x80000</load_address>
         <run_address>0x80000</run_address>
         <size>0x2</size>
         <input_file_ref idref="fl-4"/>
      </object_component>
      <object_component id="oc-152">
         <name>.text:Device_enableAllPeripherals</name>
         <load_address>0x82000</load_address>
         <run_address>0x82000</run_address>
         <size>0x167</size>
         <input_file_ref idref="fl-3"/>
      </object_component>
      <object_component id="oc-217">
         <name>.text:SysCtl_isPLLValid</name>
         <load_address>0x82167</load_address>
         <run_address>0x82167</run_address>
         <size>0x122</size>
         <input_file_ref idref="fl-26"/>
      </object_component>
      <object_component id="oc-13a">
         <name>.text:SysCtl_setClock</name>
         <load_address>0x82289</load_address>
         <run_address>0x82289</run_address>
         <size>0x10d</size>
         <input_file_ref idref="fl-26"/>
      </object_component>
      <object_component id="oc-146">
         <name>.text:SysCtl_setAuxClock</name>
         <load_address>0x82396</load_address>
         <run_address>0x82396</run_address>
         <size>0xeb</size>
         <input_file_ref idref="fl-26"/>
      </object_component>
      <object_component id="oc-1fe">
         <name>.text:DCC_verifyClockFrequency</name>
         <load_address>0x82481</load_address>
         <run_address>0x82481</run_address>
         <size>0xbe</size>
         <input_file_ref idref="fl-e"/>
      </object_component>
      <object_component id="oc-261">
         <name>.text</name>
         <load_address>0x8253f</load_address>
         <run_address>0x8253f</run_address>
         <size>0x88</size>
         <input_file_ref idref="fl-3a"/>
      </object_component>
      <object_component id="oc-1ac">
         <name>.text:GPIO_setMasterCore</name>
         <load_address>0x825c7</load_address>
         <run_address>0x825c7</run_address>
         <size>0x6c</size>
         <input_file_ref idref="fl-19"/>
      </object_component>
      <object_component id="oc-1a0">
         <name>.text:GPIO_setQualificationMode</name>
         <load_address>0x82633</load_address>
         <run_address>0x82633</run_address>
         <size>0x6c</size>
         <input_file_ref idref="fl-19"/>
      </object_component>
      <object_component id="oc-19a">
         <name>.text:GPIO_setPadConfig</name>
         <load_address>0x8269f</load_address>
         <run_address>0x8269f</run_address>
         <size>0x66</size>
         <input_file_ref idref="fl-19"/>
      </object_component>
      <object_component id="oc-220">
         <name>.text:SysCtl_selectOscSourceAuxPLL</name>
         <load_address>0x82705</load_address>
         <run_address>0x82705</run_address>
         <size>0x47</size>
         <input_file_ref idref="fl-26"/>
      </object_component>
      <object_component id="oc-1a6">
         <name>.text:GPIO_setDirectionMode</name>
         <load_address>0x8274c</load_address>
         <run_address>0x8274c</run_address>
         <size>0x45</size>
         <input_file_ref idref="fl-19"/>
      </object_component>
      <object_component id="oc-e6">
         <name>.text:Interrupt_initModule</name>
         <load_address>0x82791</load_address>
         <run_address>0x82791</run_address>
         <size>0x3d</size>
         <input_file_ref idref="fl-1d"/>
      </object_component>
      <object_component id="oc-194">
         <name>.text:GPIO_setPinConfig</name>
         <load_address>0x827ce</load_address>
         <run_address>0x827ce</run_address>
         <size>0x37</size>
         <input_file_ref idref="fl-19"/>
      </object_component>
      <object_component id="oc-e0">
         <name>.text:Device_init</name>
         <load_address>0x82805</load_address>
         <run_address>0x82805</run_address>
         <size>0x35</size>
         <input_file_ref idref="fl-3"/>
      </object_component>
      <object_component id="oc-f8">
         <name>.text:GPIO_init</name>
         <load_address>0x8283a</load_address>
         <run_address>0x8283a</run_address>
         <size>0x32</size>
         <input_file_ref idref="fl-2"/>
      </object_component>
      <object_component id="oc-104">
         <name>.text:GPIO_togglePin</name>
         <load_address>0x8286c</load_address>
         <run_address>0x8286c</run_address>
         <size>0x31</size>
         <input_file_ref idref="fl-2"/>
      </object_component>
      <object_component id="oc-290">
         <name>.text:DCC_setCounterSeeds</name>
         <load_address>0x8289d</load_address>
         <run_address>0x8289d</run_address>
         <size>0x2f</size>
         <input_file_ref idref="fl-e"/>
      </object_component>
      <object_component id="oc-2fb">
         <name>.text:DCC_setCounterSeeds</name>
         <load_address>0x828cc</load_address>
         <run_address>0x828cc</run_address>
         <size>0x2f</size>
         <input_file_ref idref="fl-26"/>
      </object_component>
      <object_component id="oc-1e">
         <name>.text:decompress:lzss</name>
         <load_address>0x828fb</load_address>
         <run_address>0x828fb</run_address>
         <size>0x2e</size>
         <input_file_ref idref="fl-40"/>
      </object_component>
      <object_component id="oc-20b">
         <name>.text:SysCtl_selectOscSource</name>
         <load_address>0x82929</load_address>
         <run_address>0x82929</run_address>
         <size>0x2b</size>
         <input_file_ref idref="fl-26"/>
      </object_component>
      <object_component id="oc-7f">
         <name>.text:__TI_auto_init_nobinit_nopinit</name>
         <load_address>0x82954</load_address>
         <run_address>0x82954</run_address>
         <size>0x2b</size>
         <input_file_ref idref="fl-3d"/>
      </object_component>
      <object_component id="oc-5f">
         <name>.text</name>
         <load_address>0x8297f</load_address>
         <run_address>0x8297f</run_address>
         <size>0x29</size>
         <input_file_ref idref="fl-41"/>
      </object_component>
      <object_component id="oc-311">
         <name>.text:SysCtl_pollX1Counter</name>
         <load_address>0x829a8</load_address>
         <run_address>0x829a8</run_address>
         <size>0x27</size>
         <input_file_ref idref="fl-26"/>
      </object_component>
      <object_component id="oc-187">
         <name>.text:SysCtl_controlCMReset</name>
         <load_address>0x829cf</load_address>
         <run_address>0x829cf</run_address>
         <size>0x25</size>
         <input_file_ref idref="fl-26"/>
      </object_component>
      <object_component id="oc-2bd">
         <name>.text:SysCtl_selectXTAL</name>
         <load_address>0x829f4</load_address>
         <run_address>0x829f4</run_address>
         <size>0x24</size>
         <input_file_ref idref="fl-26"/>
      </object_component>
      <object_component id="oc-158">
         <name>.text:Device_initGPIO</name>
         <load_address>0x82a18</load_address>
         <run_address>0x82a18</run_address>
         <size>0x21</size>
         <input_file_ref idref="fl-3"/>
      </object_component>
      <object_component id="oc-134">
         <name>.text:Device_verifyXTAL</name>
         <load_address>0x82a39</load_address>
         <run_address>0x82a39</run_address>
         <size>0x1e</size>
         <input_file_ref idref="fl-3"/>
      </object_component>
      <object_component id="oc-ec">
         <name>.text:Interrupt_initVectorTable</name>
         <load_address>0x82a57</load_address>
         <run_address>0x82a57</run_address>
         <size>0x1e</size>
         <input_file_ref idref="fl-1d"/>
      </object_component>
      <object_component id="oc-3e">
         <name>.text</name>
         <load_address>0x82a75</load_address>
         <run_address>0x82a75</run_address>
         <size>0x1d</size>
         <input_file_ref idref="fl-3b"/>
      </object_component>
      <object_component id="oc-296">
         <name>.text:DCC_enableSingleShotMode</name>
         <load_address>0x82a92</load_address>
         <run_address>0x82a92</run_address>
         <size>0x1a</size>
         <input_file_ref idref="fl-e"/>
      </object_component>
      <object_component id="oc-301">
         <name>.text:DCC_enableSingleShotMode</name>
         <load_address>0x82aac</load_address>
         <run_address>0x82aac</run_address>
         <size>0x1a</size>
         <input_file_ref idref="fl-26"/>
      </object_component>
      <object_component id="oc-2c3">
         <name>.text:SysCtl_selectXTALSingleEnded</name>
         <load_address>0x82ac6</load_address>
         <run_address>0x82ac6</run_address>
         <size>0x1a</size>
         <input_file_ref idref="fl-26"/>
      </object_component>
      <object_component id="oc-2b">
         <name>.text</name>
         <load_address>0x82ae0</load_address>
         <run_address>0x82ae0</run_address>
         <size>0x19</size>
         <input_file_ref idref="fl-39"/>
      </object_component>
      <object_component id="oc-1f8">
         <name>.text:SysCtl_enablePeripheral</name>
         <load_address>0x82af9</load_address>
         <run_address>0x82af9</run_address>
         <size>0x17</size>
         <input_file_ref idref="fl-3"/>
      </object_component>
      <object_component id="oc-2cb">
         <name>.text:SysCtl_enablePeripheral</name>
         <load_address>0x82b10</load_address>
         <run_address>0x82b10</run_address>
         <size>0x17</size>
         <input_file_ref idref="fl-26"/>
      </object_component>
      <object_component id="oc-af">
         <name>.text:main</name>
         <load_address>0x82b27</load_address>
         <run_address>0x82b27</run_address>
         <size>0x17</size>
         <input_file_ref idref="fl-2"/>
      </object_component>
      <object_component id="oc-f2">
         <name>.text:Device_bootCM</name>
         <load_address>0x82b3e</load_address>
         <run_address>0x82b3e</run_address>
         <size>0x16</size>
         <input_file_ref idref="fl-3"/>
      </object_component>
      <object_component id="oc-229">
         <name>.text:GPIO_unlockPortConfig</name>
         <load_address>0x82b54</load_address>
         <run_address>0x82b54</run_address>
         <size>0x15</size>
         <input_file_ref idref="fl-3"/>
      </object_component>
      <object_component id="oc-284">
         <name>.text:DCC_setCounter0ClkSource</name>
         <load_address>0x82b69</load_address>
         <run_address>0x82b69</run_address>
         <size>0x14</size>
         <input_file_ref idref="fl-e"/>
      </object_component>
      <object_component id="oc-2ef">
         <name>.text:DCC_setCounter0ClkSource</name>
         <load_address>0x82b7d</load_address>
         <run_address>0x82b7d</run_address>
         <size>0x14</size>
         <input_file_ref idref="fl-26"/>
      </object_component>
      <object_component id="oc-28a">
         <name>.text:DCC_setCounter1ClkSource</name>
         <load_address>0x82b91</load_address>
         <run_address>0x82b91</run_address>
         <size>0x14</size>
         <input_file_ref idref="fl-e"/>
      </object_component>
      <object_component id="oc-2f5">
         <name>.text:DCC_setCounter1ClkSource</name>
         <load_address>0x82ba5</load_address>
         <run_address>0x82ba5</run_address>
         <size>0x14</size>
         <input_file_ref idref="fl-26"/>
      </object_component>
      <object_component id="oc-319">
         <name>.text:Device_enableUnbondedGPIOPullupsFor176Pin</name>
         <load_address>0x82bb9</load_address>
         <run_address>0x82bb9</run_address>
         <size>0x13</size>
         <input_file_ref idref="fl-3"/>
      </object_component>
      <object_component id="oc-2b4">
         <name>.text:DCC_getErrorStatus</name>
         <load_address>0x82bcc</load_address>
         <run_address>0x82bcc</run_address>
         <size>0x12</size>
         <input_file_ref idref="fl-e"/>
      </object_component>
      <object_component id="oc-2ae">
         <name>.text:DCC_getSingleShotStatus</name>
         <load_address>0x82bde</load_address>
         <run_address>0x82bde</run_address>
         <size>0x12</size>
         <input_file_ref idref="fl-e"/>
      </object_component>
      <object_component id="oc-22f">
         <name>.text:Device_enableUnbondedGPIOPullups</name>
         <load_address>0x82bf0</load_address>
         <run_address>0x82bf0</run_address>
         <size>0x11</size>
         <input_file_ref idref="fl-3"/>
      </object_component>
      <object_component id="oc-14c">
         <name>.text:SysCtl_setCMClk</name>
         <load_address>0x82c01</load_address>
         <run_address>0x82c01</run_address>
         <size>0x11</size>
         <input_file_ref idref="fl-3"/>
      </object_component>
      <object_component id="oc-17b">
         <name>.text:IPC_setBootMode</name>
         <load_address>0x82c12</load_address>
         <run_address>0x82c12</run_address>
         <size>0xf</size>
         <input_file_ref idref="fl-3"/>
      </object_component>
      <object_component id="oc-181">
         <name>.text:IPC_setFlagLtoR</name>
         <load_address>0x82c21</load_address>
         <run_address>0x82c21</run_address>
         <size>0xf</size>
         <input_file_ref idref="fl-3"/>
      </object_component>
      <object_component id="oc-168">
         <name>.text:Interrupt_defaultHandler</name>
         <load_address>0x82c30</load_address>
         <run_address>0x82c30</run_address>
         <size>0xe</size>
         <input_file_ref idref="fl-1d"/>
      </object_component>
      <object_component id="oc-160">
         <name>.text:Interrupt_disableMaster</name>
         <load_address>0x82c3e</load_address>
         <run_address>0x82c3e</run_address>
         <size>0xd</size>
         <input_file_ref idref="fl-1d"/>
      </object_component>
      <object_component id="oc-fe">
         <name>.text:Interrupt_enableMaster</name>
         <load_address>0x82c4b</load_address>
         <run_address>0x82c4b</run_address>
         <size>0xd</size>
         <input_file_ref idref="fl-2"/>
      </object_component>
      <object_component id="oc-140">
         <name>.text:SysCtl_setLowSpeedClock</name>
         <load_address>0x82c58</load_address>
         <run_address>0x82c58</run_address>
         <size>0xd</size>
         <input_file_ref idref="fl-3"/>
      </object_component>
      <object_component id="oc-27e">
         <name>.text:DCC_disableDoneSignal</name>
         <load_address>0x82c65</load_address>
         <run_address>0x82c65</run_address>
         <size>0xc</size>
         <input_file_ref idref="fl-e"/>
      </object_component>
      <object_component id="oc-2e9">
         <name>.text:DCC_disableDoneSignal</name>
         <load_address>0x82c71</load_address>
         <run_address>0x82c71</run_address>
         <size>0xc</size>
         <input_file_ref idref="fl-26"/>
      </object_component>
      <object_component id="oc-2a2">
         <name>.text:DCC_enableDoneSignal</name>
         <load_address>0x82c7d</load_address>
         <run_address>0x82c7d</run_address>
         <size>0xc</size>
         <input_file_ref idref="fl-e"/>
      </object_component>
      <object_component id="oc-211">
         <name>.text:SysCtl_setPLLSysClk</name>
         <load_address>0x82c89</load_address>
         <run_address>0x82c89</run_address>
         <size>0xc</size>
         <input_file_ref idref="fl-26"/>
      </object_component>
      <object_component id="oc-59">
         <name>.text</name>
         <load_address>0x82c95</load_address>
         <run_address>0x82c95</run_address>
         <size>0xc</size>
         <input_file_ref idref="fl-43"/>
      </object_component>
      <object_component id="oc-26c">
         <name>.text:DCC_clearDoneFlag</name>
         <load_address>0x82ca1</load_address>
         <run_address>0x82ca1</run_address>
         <size>0xb</size>
         <input_file_ref idref="fl-e"/>
      </object_component>
      <object_component id="oc-2d7">
         <name>.text:DCC_clearDoneFlag</name>
         <load_address>0x82cac</load_address>
         <run_address>0x82cac</run_address>
         <size>0xb</size>
         <input_file_ref idref="fl-26"/>
      </object_component>
      <object_component id="oc-266">
         <name>.text:DCC_clearErrorFlag</name>
         <load_address>0x82cb7</load_address>
         <run_address>0x82cb7</run_address>
         <size>0xb</size>
         <input_file_ref idref="fl-e"/>
      </object_component>
      <object_component id="oc-2d1">
         <name>.text:DCC_clearErrorFlag</name>
         <load_address>0x82cc2</load_address>
         <run_address>0x82cc2</run_address>
         <size>0xb</size>
         <input_file_ref idref="fl-26"/>
      </object_component>
      <object_component id="oc-278">
         <name>.text:DCC_disableErrorSignal</name>
         <load_address>0x82ccd</load_address>
         <run_address>0x82ccd</run_address>
         <size>0xb</size>
         <input_file_ref idref="fl-e"/>
      </object_component>
      <object_component id="oc-2e3">
         <name>.text:DCC_disableErrorSignal</name>
         <load_address>0x82cd8</load_address>
         <run_address>0x82cd8</run_address>
         <size>0xb</size>
         <input_file_ref idref="fl-26"/>
      </object_component>
      <object_component id="oc-272">
         <name>.text:DCC_disableModule</name>
         <load_address>0x82ce3</load_address>
         <run_address>0x82ce3</run_address>
         <size>0xb</size>
         <input_file_ref idref="fl-e"/>
      </object_component>
      <object_component id="oc-2dd">
         <name>.text:DCC_disableModule</name>
         <load_address>0x82cee</load_address>
         <run_address>0x82cee</run_address>
         <size>0xb</size>
         <input_file_ref idref="fl-26"/>
      </object_component>
      <object_component id="oc-29c">
         <name>.text:DCC_enableErrorSignal</name>
         <load_address>0x82cf9</load_address>
         <run_address>0x82cf9</run_address>
         <size>0xb</size>
         <input_file_ref idref="fl-e"/>
      </object_component>
      <object_component id="oc-2a8">
         <name>.text:DCC_enableModule</name>
         <load_address>0x82d04</load_address>
         <run_address>0x82d04</run_address>
         <size>0xb</size>
         <input_file_ref idref="fl-e"/>
      </object_component>
      <object_component id="oc-307">
         <name>.text:DCC_enableModule</name>
         <load_address>0x82d0f</load_address>
         <run_address>0x82d0f</run_address>
         <size>0xb</size>
         <input_file_ref idref="fl-26"/>
      </object_component>
      <object_component id="oc-18d">
         <name>.text:SysCtl_isCMReset</name>
         <load_address>0x82d1a</load_address>
         <run_address>0x82d1a</run_address>
         <size>0xb</size>
         <input_file_ref idref="fl-3"/>
      </object_component>
      <object_component id="oc-245">
         <name>.text:SysCtl_isCMReset</name>
         <load_address>0x82d25</load_address>
         <run_address>0x82d25</run_address>
         <size>0xb</size>
         <input_file_ref idref="fl-26"/>
      </object_component>
      <object_component id="oc-205">
         <name>.text:SysCtl_isMCDClockFailureDetected</name>
         <load_address>0x82d30</load_address>
         <run_address>0x82d30</run_address>
         <size>0xb</size>
         <input_file_ref idref="fl-26"/>
      </object_component>
      <object_component id="oc-112">
         <name>.text</name>
         <load_address>0x82d3b</load_address>
         <run_address>0x82d3b</run_address>
         <size>0x9</size>
         <input_file_ref idref="fl-42"/>
      </object_component>
      <object_component id="oc-128">
         <name>.text:SysCtl_disableWatchdog</name>
         <load_address>0x82d44</load_address>
         <run_address>0x82d44</run_address>
         <size>0x8</size>
         <input_file_ref idref="fl-3"/>
      </object_component>
      <object_component id="oc-24">
         <name>.text:decompress:none</name>
         <load_address>0x82d4c</load_address>
         <run_address>0x82d4c</run_address>
         <size>0x8</size>
         <input_file_ref idref="fl-3f"/>
      </object_component>
      <object_component id="oc-66">
         <name>.text</name>
         <load_address>0x82d54</load_address>
         <run_address>0x82d54</run_address>
         <size>0x8</size>
         <input_file_ref idref="fl-4"/>
      </object_component>
      <object_component id="oc-345">
         <name>.text:SysCtl_resetMCD</name>
         <load_address>0x82d5c</load_address>
         <run_address>0x82d5c</run_address>
         <size>0x7</size>
         <input_file_ref idref="fl-26"/>
      </object_component>
      <object_component id="oc-174">
         <name>.text:Interrupt_illegalOperationHandler</name>
         <load_address>0x82d63</load_address>
         <run_address>0x82d63</run_address>
         <size>0x2</size>
         <input_file_ref idref="fl-1d"/>
      </object_component>
      <object_component id="oc-16e">
         <name>.text:Interrupt_nmiHandler</name>
         <load_address>0x82d65</load_address>
         <run_address>0x82d65</run_address>
         <size>0x2</size>
         <input_file_ref idref="fl-1d"/>
      </object_component>
      <object_component id="oc-52">
         <name>.text</name>
         <load_address>0x82d67</load_address>
         <run_address>0x82d67</run_address>
         <size>0x2</size>
         <input_file_ref idref="fl-3c"/>
      </object_component>
      <object_component id="oc-cb">
         <name>.text</name>
         <load_address>0x82d69</load_address>
         <run_address>0x82d69</run_address>
         <size>0x1</size>
         <input_file_ref idref="fl-46"/>
      </object_component>
      <object_component id="oc-39a">
         <name>.cinit..data.load</name>
         <load_address>0x88000</load_address>
         <run_address>0x88000</run_address>
         <size>0x9</size>
      </object_component>
      <object_component id="oc-398">
         <name>__TI_handler_table</name>
         <load_address>0x8800a</load_address>
         <run_address>0x8800a</run_address>
         <size>0x4</size>
      </object_component>
      <object_component id="oc-399">
         <name>__TI_cinit_table</name>
         <load_address>0x88010</load_address>
         <run_address>0x88010</run_address>
         <size>0x4</size>
      </object_component>
      <object_component id="oc-3b">
         <name>.stack</name>
         <uninitialized>true</uninitialized>
         <run_address>0x400</run_address>
         <size>0x0</size>
         <input_file_ref idref="fl-39"/>
      </object_component>
      <object_component id="oc-39b">
         <name>.stack</name>
         <uninitialized>true</uninitialized>
         <run_address>0x400</run_address>
         <size>0x0</size>
      </object_component>
      <object_component id="oc-b7">
         <name>.data</name>
         <load_address>0xa800</load_address>
         <run_address>0xa800</run_address>
         <size>0x6</size>
         <input_file_ref idref="fl-41"/>
      </object_component>
      <object_component id="oc-ba">
         <name>.data:_lock</name>
         <load_address>0xa806</load_address>
         <run_address>0xa806</run_address>
         <size>0x2</size>
         <input_file_ref idref="fl-42"/>
      </object_component>
      <object_component id="oc-1b8">
         <name>.data:_unlock</name>
         <load_address>0xa808</load_address>
         <run_address>0xa808</run_address>
         <size>0x2</size>
         <input_file_ref idref="fl-42"/>
      </object_component>
      <object_component id="oc-240">
         <name>.const:IPC_Instance</name>
         <load_address>0x90000</load_address>
         <run_address>0x90000</run_address>
         <size>0x88</size>
         <input_file_ref idref="fl-1e"/>
      </object_component>
      <object_component id="oc-320">
         <name>MSGRAM_CPU1_TO_CPU2</name>
         <uninitialized>true</uninitialized>
         <run_address>0x3a000</run_address>
         <size>0x88</size>
         <input_file_ref idref="fl-1e"/>
      </object_component>
      <object_component id="oc-323">
         <name>MSGRAM_CPU2_TO_CPU1</name>
         <uninitialized>true</uninitialized>
         <run_address>0x3b000</run_address>
         <size>0x88</size>
         <input_file_ref idref="fl-1e"/>
      </object_component>
      <object_component id="oc-326">
         <name>MSGRAM_CPU_TO_CM</name>
         <uninitialized>true</uninitialized>
         <run_address>0x39000</run_address>
         <size>0x88</size>
         <input_file_ref idref="fl-1e"/>
      </object_component>
      <object_component id="oc-329">
         <name>MSGRAM_CM_TO_CPU</name>
         <uninitialized>true</uninitialized>
         <run_address>0x38000</run_address>
         <size>0x88</size>
         <input_file_ref idref="fl-1e"/>
      </object_component>
      <object_component id="oc-12e">
         <name>.TI.ramfunc:Flash_initModule</name>
         <load_address>0x86000</load_address>
         <run_address>0x8000</run_address>
         <size>0x23</size>
         <input_file_ref idref="fl-17"/>
      </object_component>
      <object_component id="oc-1c6">
         <name>.TI.ramfunc:Flash_setBankPowerMode</name>
         <load_address>0x86023</load_address>
         <run_address>0x8023</run_address>
         <size>0x22</size>
         <input_file_ref idref="fl-17"/>
      </object_component>
      <object_component id="oc-1cc">
         <name>.TI.ramfunc:Flash_setPumpPowerMode</name>
         <load_address>0x86045</load_address>
         <run_address>0x8045</run_address>
         <size>0x13</size>
         <input_file_ref idref="fl-17"/>
      </object_component>
      <object_component id="oc-1de">
         <name>.TI.ramfunc:Flash_setWaitstates</name>
         <load_address>0x86058</load_address>
         <run_address>0x8058</run_address>
         <size>0x11</size>
         <input_file_ref idref="fl-17"/>
      </object_component>
      <object_component id="oc-1d2">
         <name>.TI.ramfunc:Flash_disableCache</name>
         <load_address>0x86069</load_address>
         <run_address>0x8069</run_address>
         <size>0xe</size>
         <input_file_ref idref="fl-17"/>
      </object_component>
      <object_component id="oc-1d8">
         <name>.TI.ramfunc:Flash_disablePrefetch</name>
         <load_address>0x86077</load_address>
         <run_address>0x8077</run_address>
         <size>0xe</size>
         <input_file_ref idref="fl-17"/>
      </object_component>
      <object_component id="oc-1e4">
         <name>.TI.ramfunc:Flash_enableCache</name>
         <load_address>0x86085</load_address>
         <run_address>0x8085</run_address>
         <size>0xd</size>
         <input_file_ref idref="fl-17"/>
      </object_component>
      <object_component id="oc-1ea">
         <name>.TI.ramfunc:Flash_enablePrefetch</name>
         <load_address>0x86092</load_address>
         <run_address>0x8092</run_address>
         <size>0xd</size>
         <input_file_ref idref="fl-17"/>
      </object_component>
      <object_component id="oc-1f0">
         <name>.TI.ramfunc:Flash_enableECC</name>
         <load_address>0x8609f</load_address>
         <run_address>0x809f</run_address>
         <size>0xc</size>
         <input_file_ref idref="fl-17"/>
      </object_component>
      <object_component id="oc-10a">
         <name>.TI.ramfunc</name>
         <load_address>0x860ab</load_address>
         <run_address>0x80ab</run_address>
         <size>0x4</size>
         <input_file_ref idref="fl-26"/>
      </object_component>
      <object_component id="oc-367">
         <name>.TI.memcrc:_ccs_flash_checksum</name>
         <load_address>0x0</load_address>
         <run_address>0x0</run_address>
         <size>0x66</size>
      </object_component>
      <object_component id="oc-10c">
         <name>.debug_types</name>
         <load_address>0x0</load_address>
         <run_address>0x0</run_address>
         <size>0x5cf</size>
         <input_file_ref idref="fl-2"/>
      </object_component>
      <object_component id="oc-15f">
         <name>.debug_types</name>
         <load_address>0x5cf</load_address>
         <run_address>0x5cf</run_address>
         <size>0x2029</size>
         <input_file_ref idref="fl-3"/>
      </object_component>
      <object_component id="oc-2bb">
         <name>.debug_types</name>
         <load_address>0x25f8</load_address>
         <run_address>0x25f8</run_address>
         <size>0xa2</size>
         <input_file_ref idref="fl-e"/>
      </object_component>
      <object_component id="oc-1f7">
         <name>.debug_types</name>
         <load_address>0x269a</load_address>
         <run_address>0x269a</run_address>
         <size>0x1d7</size>
         <input_file_ref idref="fl-17"/>
      </object_component>
      <object_component id="oc-24e">
         <name>.debug_types</name>
         <load_address>0x2871</load_address>
         <run_address>0x2871</run_address>
         <size>0x2e8</size>
         <input_file_ref idref="fl-19"/>
      </object_component>
      <object_component id="oc-167">
         <name>.debug_types</name>
         <load_address>0x2b59</load_address>
         <run_address>0x2b59</run_address>
         <size>0x70</size>
         <input_file_ref idref="fl-1d"/>
      </object_component>
      <object_component id="oc-32e">
         <name>.debug_types</name>
         <load_address>0x2bc9</load_address>
         <run_address>0x2bc9</run_address>
         <size>0x25b</size>
         <input_file_ref idref="fl-1e"/>
      </object_component>
      <object_component id="oc-21e">
         <name>.debug_types</name>
         <load_address>0x2e24</load_address>
         <run_address>0x2e24</run_address>
         <size>0x8b4</size>
         <input_file_ref idref="fl-26"/>
      </object_component>
      <object_component id="oc-70">
         <name>.debug_types</name>
         <load_address>0x36d8</load_address>
         <run_address>0x36d8</run_address>
         <size>0x117</size>
         <input_file_ref idref="fl-3b"/>
      </object_component>
      <object_component id="oc-7e">
         <name>.debug_types</name>
         <load_address>0x0</load_address>
         <run_address>0x0</run_address>
         <size>0x0</size>
         <input_file_ref idref="fl-3c"/>
      </object_component>
      <object_component id="oc-d2">
         <name>.debug_types</name>
         <load_address>0x37ef</load_address>
         <run_address>0x37ef</run_address>
         <size>0x4ca</size>
         <input_file_ref idref="fl-3d"/>
      </object_component>
      <object_component id="oc-45">
         <name>.debug_types</name>
         <load_address>0x3cb9</load_address>
         <run_address>0x3cb9</run_address>
         <size>0x194</size>
         <input_file_ref idref="fl-3f"/>
      </object_component>
      <object_component id="oc-3d">
         <name>.debug_types</name>
         <load_address>0x3e4d</load_address>
         <run_address>0x3e4d</run_address>
         <size>0x191</size>
         <input_file_ref idref="fl-40"/>
      </object_component>
      <object_component id="oc-be">
         <name>.debug_types</name>
         <load_address>0x3fde</load_address>
         <run_address>0x3fde</run_address>
         <size>0xbf</size>
         <input_file_ref idref="fl-41"/>
      </object_component>
      <object_component id="oc-11a">
         <name>.debug_types</name>
         <load_address>0x409d</load_address>
         <run_address>0x409d</run_address>
         <size>0x2f</size>
         <input_file_ref idref="fl-42"/>
      </object_component>
      <object_component id="oc-b6">
         <name>.debug_types</name>
         <load_address>0x40cc</load_address>
         <run_address>0x40cc</run_address>
         <size>0xe1</size>
         <input_file_ref idref="fl-43"/>
      </object_component>
      <object_component id="oc-122">
         <name>.debug_types</name>
         <load_address>0x0</load_address>
         <run_address>0x0</run_address>
         <size>0x0</size>
         <input_file_ref idref="fl-46"/>
      </object_component>
      <object_component id="oc-ff">
         <name>.debug_info</name>
         <load_address>0x0</load_address>
         <run_address>0x0</run_address>
         <size>0x17c</size>
         <input_file_ref idref="fl-2"/>
      </object_component>
      <object_component id="oc-105">
         <name>.debug_info</name>
         <load_address>0x17c</load_address>
         <run_address>0x17c</run_address>
         <size>0x198</size>
         <input_file_ref idref="fl-2"/>
      </object_component>
      <object_component id="oc-f9">
         <name>.debug_info</name>
         <load_address>0x314</load_address>
         <run_address>0x314</run_address>
         <size>0x26a</size>
         <input_file_ref idref="fl-2"/>
      </object_component>
      <object_component id="oc-b0">
         <name>.debug_info</name>
         <load_address>0x57e</load_address>
         <run_address>0x57e</run_address>
         <size>0x1ab</size>
         <input_file_ref idref="fl-2"/>
      </object_component>
      <object_component id="oc-1f9">
         <name>.debug_info</name>
         <load_address>0x729</load_address>
         <run_address>0x729</run_address>
         <size>0x1dc</size>
         <input_file_ref idref="fl-3"/>
      </object_component>
      <object_component id="oc-141">
         <name>.debug_info</name>
         <load_address>0x905</load_address>
         <run_address>0x905</run_address>
         <size>0x1b0</size>
         <input_file_ref idref="fl-3"/>
      </object_component>
      <object_component id="oc-129">
         <name>.debug_info</name>
         <load_address>0xab5</load_address>
         <run_address>0xab5</run_address>
         <size>0x183</size>
         <input_file_ref idref="fl-3"/>
      </object_component>
      <object_component id="oc-14d">
         <name>.debug_info</name>
         <load_address>0xc38</load_address>
         <run_address>0xc38</run_address>
         <size>0x1c1</size>
         <input_file_ref idref="fl-3"/>
      </object_component>
      <object_component id="oc-18e">
         <name>.debug_info</name>
         <load_address>0xdf9</load_address>
         <run_address>0xdf9</run_address>
         <size>0x17f</size>
         <input_file_ref idref="fl-3"/>
      </object_component>
      <object_component id="oc-182">
         <name>.debug_info</name>
         <load_address>0xf78</load_address>
         <run_address>0xf78</run_address>
         <size>0x1bc</size>
         <input_file_ref idref="fl-3"/>
      </object_component>
      <object_component id="oc-17c">
         <name>.debug_info</name>
         <load_address>0x1134</load_address>
         <run_address>0x1134</run_address>
         <size>0x1ba</size>
         <input_file_ref idref="fl-3"/>
      </object_component>
      <object_component id="oc-22a">
         <name>.debug_info</name>
         <load_address>0x12ee</load_address>
         <run_address>0x12ee</run_address>
         <size>0x1df</size>
         <input_file_ref idref="fl-3"/>
      </object_component>
      <object_component id="oc-e1">
         <name>.debug_info</name>
         <load_address>0x14cd</load_address>
         <run_address>0x14cd</run_address>
         <size>0x212</size>
         <input_file_ref idref="fl-3"/>
      </object_component>
      <object_component id="oc-f3">
         <name>.debug_info</name>
         <load_address>0x16df</load_address>
         <run_address>0x16df</run_address>
         <size>0x1b0</size>
         <input_file_ref idref="fl-3"/>
      </object_component>
      <object_component id="oc-153">
         <name>.debug_info</name>
         <load_address>0x188f</load_address>
         <run_address>0x188f</run_address>
         <size>0xbf0</size>
         <input_file_ref idref="fl-3"/>
      </object_component>
      <object_component id="oc-159">
         <name>.debug_info</name>
         <load_address>0x247f</load_address>
         <run_address>0x247f</run_address>
         <size>0x1fa</size>
         <input_file_ref idref="fl-3"/>
      </object_component>
      <object_component id="oc-31a">
         <name>.debug_info</name>
         <load_address>0x2679</load_address>
         <run_address>0x2679</run_address>
         <size>0x166</size>
         <input_file_ref idref="fl-3"/>
      </object_component>
      <object_component id="oc-230">
         <name>.debug_info</name>
         <load_address>0x27df</load_address>
         <run_address>0x27df</run_address>
         <size>0x198</size>
         <input_file_ref idref="fl-3"/>
      </object_component>
      <object_component id="oc-135">
         <name>.debug_info</name>
         <load_address>0x2977</load_address>
         <run_address>0x2977</run_address>
         <size>0x19b</size>
         <input_file_ref idref="fl-3"/>
      </object_component>
      <object_component id="oc-37">
         <name>.debug_info</name>
         <load_address>0x2b12</load_address>
         <run_address>0x2b12</run_address>
         <size>0x121</size>
         <input_file_ref idref="fl-4"/>
      </object_component>
      <object_component id="oc-67">
         <name>.debug_info</name>
         <load_address>0x2c33</load_address>
         <run_address>0x2c33</run_address>
         <size>0x122</size>
         <input_file_ref idref="fl-4"/>
      </object_component>
      <object_component id="oc-2a9">
         <name>.debug_info</name>
         <load_address>0x2d55</load_address>
         <run_address>0x2d55</run_address>
         <size>0x161</size>
         <input_file_ref idref="fl-e"/>
      </object_component>
      <object_component id="oc-274">
         <name>.debug_info</name>
         <load_address>0x2eb6</load_address>
         <run_address>0x2eb6</run_address>
         <size>0x164</size>
         <input_file_ref idref="fl-e"/>
      </object_component>
      <object_component id="oc-29d">
         <name>.debug_info</name>
         <load_address>0x301a</load_address>
         <run_address>0x301a</run_address>
         <size>0x16d</size>
         <input_file_ref idref="fl-e"/>
      </object_component>
      <object_component id="oc-2a4">
         <name>.debug_info</name>
         <load_address>0x3187</load_address>
         <run_address>0x3187</run_address>
         <size>0x16b</size>
         <input_file_ref idref="fl-e"/>
      </object_component>
      <object_component id="oc-27a">
         <name>.debug_info</name>
         <load_address>0x32f2</load_address>
         <run_address>0x32f2</run_address>
         <size>0x16f</size>
         <input_file_ref idref="fl-e"/>
      </object_component>
      <object_component id="oc-280">
         <name>.debug_info</name>
         <load_address>0x3461</load_address>
         <run_address>0x3461</run_address>
         <size>0x16d</size>
         <input_file_ref idref="fl-e"/>
      </object_component>
      <object_component id="oc-297">
         <name>.debug_info</name>
         <load_address>0x35ce</load_address>
         <run_address>0x35ce</run_address>
         <size>0x194</size>
         <input_file_ref idref="fl-e"/>
      </object_component>
      <object_component id="oc-2b5">
         <name>.debug_info</name>
         <load_address>0x3762</load_address>
         <run_address>0x3762</run_address>
         <size>0x16f</size>
         <input_file_ref idref="fl-e"/>
      </object_component>
      <object_component id="oc-2b0">
         <name>.debug_info</name>
         <load_address>0x38d1</load_address>
         <run_address>0x38d1</run_address>
         <size>0x179</size>
         <input_file_ref idref="fl-e"/>
      </object_component>
      <object_component id="oc-268">
         <name>.debug_info</name>
         <load_address>0x3a4a</load_address>
         <run_address>0x3a4a</run_address>
         <size>0x167</size>
         <input_file_ref idref="fl-e"/>
      </object_component>
      <object_component id="oc-26e">
         <name>.debug_info</name>
         <load_address>0x3bb1</load_address>
         <run_address>0x3bb1</run_address>
         <size>0x165</size>
         <input_file_ref idref="fl-e"/>
      </object_component>
      <object_component id="oc-28c">
         <name>.debug_info</name>
         <load_address>0x3d16</load_address>
         <run_address>0x3d16</run_address>
         <size>0x198</size>
         <input_file_ref idref="fl-e"/>
      </object_component>
      <object_component id="oc-285">
         <name>.debug_info</name>
         <load_address>0x3eae</load_address>
         <run_address>0x3eae</run_address>
         <size>0x198</size>
         <input_file_ref idref="fl-e"/>
      </object_component>
      <object_component id="oc-292">
         <name>.debug_info</name>
         <load_address>0x4046</load_address>
         <run_address>0x4046</run_address>
         <size>0x1ad</size>
         <input_file_ref idref="fl-e"/>
      </object_component>
      <object_component id="oc-200">
         <name>.debug_info</name>
         <load_address>0x41f3</load_address>
         <run_address>0x41f3</run_address>
         <size>0x4df</size>
         <input_file_ref idref="fl-e"/>
      </object_component>
      <object_component id="oc-1df">
         <name>.debug_info</name>
         <load_address>0x46d2</load_address>
         <run_address>0x46d2</run_address>
         <size>0x1a2</size>
         <input_file_ref idref="fl-17"/>
      </object_component>
      <object_component id="oc-1c8">
         <name>.debug_info</name>
         <load_address>0x4874</load_address>
         <run_address>0x4874</run_address>
         <size>0x1c7</size>
         <input_file_ref idref="fl-17"/>
      </object_component>
      <object_component id="oc-1ce">
         <name>.debug_info</name>
         <load_address>0x4a3b</load_address>
         <run_address>0x4a3b</run_address>
         <size>0x1a6</size>
         <input_file_ref idref="fl-17"/>
      </object_component>
      <object_component id="oc-1ed">
         <name>.debug_info</name>
         <load_address>0x4be1</load_address>
         <run_address>0x4be1</run_address>
         <size>0x177</size>
         <input_file_ref idref="fl-17"/>
      </object_component>
      <object_component id="oc-1da">
         <name>.debug_info</name>
         <load_address>0x4d58</load_address>
         <run_address>0x4d58</run_address>
         <size>0x179</size>
         <input_file_ref idref="fl-17"/>
      </object_component>
      <object_component id="oc-1e5">
         <name>.debug_info</name>
         <load_address>0x4ed1</load_address>
         <run_address>0x4ed1</run_address>
         <size>0x171</size>
         <input_file_ref idref="fl-17"/>
      </object_component>
      <object_component id="oc-1d5">
         <name>.debug_info</name>
         <load_address>0x5042</load_address>
         <run_address>0x5042</run_address>
         <size>0x173</size>
         <input_file_ref idref="fl-17"/>
      </object_component>
      <object_component id="oc-1f3">
         <name>.debug_info</name>
         <load_address>0x51b5</load_address>
         <run_address>0x51b5</run_address>
         <size>0x16b</size>
         <input_file_ref idref="fl-17"/>
      </object_component>
      <object_component id="oc-130">
         <name>.debug_info</name>
         <load_address>0x5320</load_address>
         <run_address>0x5320</run_address>
         <size>0x278</size>
         <input_file_ref idref="fl-17"/>
      </object_component>
      <object_component id="oc-1a7">
         <name>.debug_info</name>
         <load_address>0x5598</load_address>
         <run_address>0x5598</run_address>
         <size>0x1bb</size>
         <input_file_ref idref="fl-19"/>
      </object_component>
      <object_component id="oc-19b">
         <name>.debug_info</name>
         <load_address>0x5753</load_address>
         <run_address>0x5753</run_address>
         <size>0x1a4</size>
         <input_file_ref idref="fl-19"/>
      </object_component>
      <object_component id="oc-1a2">
         <name>.debug_info</name>
         <load_address>0x58f7</load_address>
         <run_address>0x58f7</run_address>
         <size>0x1ec</size>
         <input_file_ref idref="fl-19"/>
      </object_component>
      <object_component id="oc-1ad">
         <name>.debug_info</name>
         <load_address>0x5ae3</load_address>
         <run_address>0x5ae3</run_address>
         <size>0x1cc</size>
         <input_file_ref idref="fl-19"/>
      </object_component>
      <object_component id="oc-197">
         <name>.debug_info</name>
         <load_address>0x5caf</load_address>
         <run_address>0x5caf</run_address>
         <size>0x1b1</size>
         <input_file_ref idref="fl-19"/>
      </object_component>
      <object_component id="oc-161">
         <name>.debug_info</name>
         <load_address>0x5e60</load_address>
         <run_address>0x5e60</run_address>
         <size>0x164</size>
         <input_file_ref idref="fl-1d"/>
      </object_component>
      <object_component id="oc-169">
         <name>.debug_info</name>
         <load_address>0x5fc4</load_address>
         <run_address>0x5fc4</run_address>
         <size>0x17e</size>
         <input_file_ref idref="fl-1d"/>
      </object_component>
      <object_component id="oc-175">
         <name>.debug_info</name>
         <load_address>0x6142</load_address>
         <run_address>0x6142</run_address>
         <size>0x164</size>
         <input_file_ref idref="fl-1d"/>
      </object_component>
      <object_component id="oc-170">
         <name>.debug_info</name>
         <load_address>0x62a6</load_address>
         <run_address>0x62a6</run_address>
         <size>0x14a</size>
         <input_file_ref idref="fl-1d"/>
      </object_component>
      <object_component id="oc-e7">
         <name>.debug_info</name>
         <load_address>0x63f0</load_address>
         <run_address>0x63f0</run_address>
         <size>0x171</size>
         <input_file_ref idref="fl-1d"/>
      </object_component>
      <object_component id="oc-ee">
         <name>.debug_info</name>
         <load_address>0x6561</load_address>
         <run_address>0x6561</run_address>
         <size>0x16c</size>
         <input_file_ref idref="fl-1d"/>
      </object_component>
      <object_component id="oc-321">
         <name>.debug_info</name>
         <load_address>0x66cd</load_address>
         <run_address>0x66cd</run_address>
         <size>0x124</size>
         <input_file_ref idref="fl-1e"/>
      </object_component>
      <object_component id="oc-324">
         <name>.debug_info</name>
         <load_address>0x67f1</load_address>
         <run_address>0x67f1</run_address>
         <size>0x124</size>
         <input_file_ref idref="fl-1e"/>
      </object_component>
      <object_component id="oc-327">
         <name>.debug_info</name>
         <load_address>0x6915</load_address>
         <run_address>0x6915</run_address>
         <size>0x11e</size>
         <input_file_ref idref="fl-1e"/>
      </object_component>
      <object_component id="oc-32a">
         <name>.debug_info</name>
         <load_address>0x6a33</load_address>
         <run_address>0x6a33</run_address>
         <size>0x11e</size>
         <input_file_ref idref="fl-1e"/>
      </object_component>
      <object_component id="oc-241">
         <name>.debug_info</name>
         <load_address>0x6b51</load_address>
         <run_address>0x6b51</run_address>
         <size>0x108</size>
         <input_file_ref idref="fl-1e"/>
      </object_component>
      <object_component id="oc-2cc">
         <name>.debug_info</name>
         <load_address>0x6c59</load_address>
         <run_address>0x6c59</run_address>
         <size>0x1ad</size>
         <input_file_ref idref="fl-26"/>
      </object_component>
      <object_component id="oc-206">
         <name>.debug_info</name>
         <load_address>0x6e06</load_address>
         <run_address>0x6e06</run_address>
         <size>0x170</size>
         <input_file_ref idref="fl-26"/>
      </object_component>
      <object_component id="oc-346">
         <name>.debug_info</name>
         <load_address>0x6f76</load_address>
         <run_address>0x6f76</run_address>
         <size>0x146</size>
         <input_file_ref idref="fl-26"/>
      </object_component>
      <object_component id="oc-212">
         <name>.debug_info</name>
         <load_address>0x70bc</load_address>
         <run_address>0x70bc</run_address>
         <size>0x175</size>
         <input_file_ref idref="fl-26"/>
      </object_component>
      <object_component id="oc-247">
         <name>.debug_info</name>
         <load_address>0x7231</load_address>
         <run_address>0x7231</run_address>
         <size>0x150</size>
         <input_file_ref idref="fl-26"/>
      </object_component>
      <object_component id="oc-309">
         <name>.debug_info</name>
         <load_address>0x7381</load_address>
         <run_address>0x7381</run_address>
         <size>0x164</size>
         <input_file_ref idref="fl-26"/>
      </object_component>
      <object_component id="oc-2de">
         <name>.debug_info</name>
         <load_address>0x74e5</load_address>
         <run_address>0x74e5</run_address>
         <size>0x167</size>
         <input_file_ref idref="fl-26"/>
      </object_component>
      <object_component id="oc-2e4">
         <name>.debug_info</name>
         <load_address>0x764c</load_address>
         <run_address>0x764c</run_address>
         <size>0x172</size>
         <input_file_ref idref="fl-26"/>
      </object_component>
      <object_component id="oc-2ea">
         <name>.debug_info</name>
         <load_address>0x77be</load_address>
         <run_address>0x77be</run_address>
         <size>0x170</size>
         <input_file_ref idref="fl-26"/>
      </object_component>
      <object_component id="oc-302">
         <name>.debug_info</name>
         <load_address>0x792e</load_address>
         <run_address>0x792e</run_address>
         <size>0x197</size>
         <input_file_ref idref="fl-26"/>
      </object_component>
      <object_component id="oc-2d2">
         <name>.debug_info</name>
         <load_address>0x7ac5</load_address>
         <run_address>0x7ac5</run_address>
         <size>0x16a</size>
         <input_file_ref idref="fl-26"/>
      </object_component>
      <object_component id="oc-2d9">
         <name>.debug_info</name>
         <load_address>0x7c2f</load_address>
         <run_address>0x7c2f</run_address>
         <size>0x168</size>
         <input_file_ref idref="fl-26"/>
      </object_component>
      <object_component id="oc-2f7">
         <name>.debug_info</name>
         <load_address>0x7d97</load_address>
         <run_address>0x7d97</run_address>
         <size>0x19b</size>
         <input_file_ref idref="fl-26"/>
      </object_component>
      <object_component id="oc-2f0">
         <name>.debug_info</name>
         <load_address>0x7f32</load_address>
         <run_address>0x7f32</run_address>
         <size>0x19b</size>
         <input_file_ref idref="fl-26"/>
      </object_component>
      <object_component id="oc-2fc">
         <name>.debug_info</name>
         <load_address>0x80cd</load_address>
         <run_address>0x80cd</run_address>
         <size>0x1b0</size>
         <input_file_ref idref="fl-26"/>
      </object_component>
      <object_component id="oc-313">
         <name>.debug_info</name>
         <load_address>0x827d</load_address>
         <run_address>0x827d</run_address>
         <size>0x176</size>
         <input_file_ref idref="fl-26"/>
      </object_component>
      <object_component id="oc-13b">
         <name>.debug_info</name>
         <load_address>0x83f3</load_address>
         <run_address>0x83f3</run_address>
         <size>0x320</size>
         <input_file_ref idref="fl-26"/>
      </object_component>
      <object_component id="oc-148">
         <name>.debug_info</name>
         <load_address>0x8713</load_address>
         <run_address>0x8713</run_address>
         <size>0x2b7</size>
         <input_file_ref idref="fl-26"/>
      </object_component>
      <object_component id="oc-2bf">
         <name>.debug_info</name>
         <load_address>0x89ca</load_address>
         <run_address>0x89ca</run_address>
         <size>0x1b9</size>
         <input_file_ref idref="fl-26"/>
      </object_component>
      <object_component id="oc-2c4">
         <name>.debug_info</name>
         <load_address>0x8b83</load_address>
         <run_address>0x8b83</run_address>
         <size>0x1a0</size>
         <input_file_ref idref="fl-26"/>
      </object_component>
      <object_component id="oc-20d">
         <name>.debug_info</name>
         <load_address>0x8d23</load_address>
         <run_address>0x8d23</run_address>
         <size>0x1b8</size>
         <input_file_ref idref="fl-26"/>
      </object_component>
      <object_component id="oc-222">
         <name>.debug_info</name>
         <load_address>0x8edb</load_address>
         <run_address>0x8edb</run_address>
         <size>0x1bf</size>
         <input_file_ref idref="fl-26"/>
      </object_component>
      <object_component id="oc-218">
         <name>.debug_info</name>
         <load_address>0x909a</load_address>
         <run_address>0x909a</run_address>
         <size>0x471</size>
         <input_file_ref idref="fl-26"/>
      </object_component>
      <object_component id="oc-188">
         <name>.debug_info</name>
         <load_address>0x950b</load_address>
         <run_address>0x950b</run_address>
         <size>0x1a5</size>
         <input_file_ref idref="fl-26"/>
      </object_component>
      <object_component id="oc-2d">
         <name>.debug_info</name>
         <load_address>0x96b0</load_address>
         <run_address>0x96b0</run_address>
         <size>0x158</size>
         <input_file_ref idref="fl-39"/>
      </object_component>
      <object_component id="oc-262">
         <name>.debug_info</name>
         <load_address>0x9808</load_address>
         <run_address>0x9808</run_address>
         <size>0x127</size>
         <input_file_ref idref="fl-3a"/>
      </object_component>
      <object_component id="oc-42">
         <name>.debug_info</name>
         <load_address>0x992f</load_address>
         <run_address>0x992f</run_address>
         <size>0x19b</size>
         <input_file_ref idref="fl-3b"/>
      </object_component>
      <object_component id="oc-53">
         <name>.debug_info</name>
         <load_address>0x9aca</load_address>
         <run_address>0x9aca</run_address>
         <size>0x14d</size>
         <input_file_ref idref="fl-3c"/>
      </object_component>
      <object_component id="oc-80">
         <name>.debug_info</name>
         <load_address>0x9c17</load_address>
         <run_address>0x9c17</run_address>
         <size>0x1bf</size>
         <input_file_ref idref="fl-3d"/>
      </object_component>
      <object_component id="oc-27">
         <name>.debug_info</name>
         <load_address>0x9dd6</load_address>
         <run_address>0x9dd6</run_address>
         <size>0x1b7</size>
         <input_file_ref idref="fl-3f"/>
      </object_component>
      <object_component id="oc-1f">
         <name>.debug_info</name>
         <load_address>0x9f8d</load_address>
         <run_address>0x9f8d</run_address>
         <size>0x20c</size>
         <input_file_ref idref="fl-40"/>
      </object_component>
      <object_component id="oc-b8">
         <name>.debug_info</name>
         <load_address>0xa199</load_address>
         <run_address>0xa199</run_address>
         <size>0x19e</size>
         <input_file_ref idref="fl-41"/>
      </object_component>
      <object_component id="oc-63">
         <name>.debug_info</name>
         <load_address>0xa337</load_address>
         <run_address>0xa337</run_address>
         <size>0x1a9</size>
         <input_file_ref idref="fl-41"/>
      </object_component>
      <object_component id="oc-bb">
         <name>.debug_info</name>
         <load_address>0xa4e0</load_address>
         <run_address>0xa4e0</run_address>
         <size>0x107</size>
         <input_file_ref idref="fl-42"/>
      </object_component>
      <object_component id="oc-1b9">
         <name>.debug_info</name>
         <load_address>0xa5e7</load_address>
         <run_address>0xa5e7</run_address>
         <size>0x10b</size>
         <input_file_ref idref="fl-42"/>
      </object_component>
      <object_component id="oc-113">
         <name>.debug_info</name>
         <load_address>0xa6f2</load_address>
         <run_address>0xa6f2</run_address>
         <size>0x203</size>
         <input_file_ref idref="fl-42"/>
      </object_component>
      <object_component id="oc-5c">
         <name>.debug_info</name>
         <load_address>0xa8f5</load_address>
         <run_address>0xa8f5</run_address>
         <size>0x15d</size>
         <input_file_ref idref="fl-43"/>
      </object_component>
      <object_component id="oc-ce">
         <name>.debug_info</name>
         <load_address>0xaa52</load_address>
         <run_address>0xaa52</run_address>
         <size>0x147</size>
         <input_file_ref idref="fl-46"/>
      </object_component>
      <object_component id="oc-39d">
         <name>.debug_info</name>
         <load_address>0xab99</load_address>
         <run_address>0xab99</run_address>
         <size>0xb5</size>
      </object_component>
      <object_component id="oc-102">
         <name>.debug_line</name>
         <load_address>0x0</load_address>
         <run_address>0x0</run_address>
         <size>0x9a</size>
         <input_file_ref idref="fl-2"/>
      </object_component>
      <object_component id="oc-108">
         <name>.debug_line</name>
         <load_address>0x9a</load_address>
         <run_address>0x9a</run_address>
         <size>0x96</size>
         <input_file_ref idref="fl-2"/>
      </object_component>
      <object_component id="oc-fc">
         <name>.debug_line</name>
         <load_address>0x130</load_address>
         <run_address>0x130</run_address>
         <size>0x99</size>
         <input_file_ref idref="fl-2"/>
      </object_component>
      <object_component id="oc-b4">
         <name>.debug_line</name>
         <load_address>0x1c9</load_address>
         <run_address>0x1c9</run_address>
         <size>0x4a</size>
         <input_file_ref idref="fl-2"/>
      </object_component>
      <object_component id="oc-1b6">
         <name>.debug_line</name>
         <load_address>0x213</load_address>
         <run_address>0x213</run_address>
         <size>0x7f</size>
         <input_file_ref idref="fl-2"/>
      </object_component>
      <object_component id="oc-1fd">
         <name>.debug_line</name>
         <load_address>0x292</load_address>
         <run_address>0x292</run_address>
         <size>0x9b</size>
         <input_file_ref idref="fl-3"/>
      </object_component>
      <object_component id="oc-144">
         <name>.debug_line</name>
         <load_address>0x32d</load_address>
         <run_address>0x32d</run_address>
         <size>0x99</size>
         <input_file_ref idref="fl-3"/>
      </object_component>
      <object_component id="oc-12d">
         <name>.debug_line</name>
         <load_address>0x3c6</load_address>
         <run_address>0x3c6</run_address>
         <size>0x99</size>
         <input_file_ref idref="fl-3"/>
      </object_component>
      <object_component id="oc-150">
         <name>.debug_line</name>
         <load_address>0x45f</load_address>
         <run_address>0x45f</run_address>
         <size>0x9a</size>
         <input_file_ref idref="fl-3"/>
      </object_component>
      <object_component id="oc-191">
         <name>.debug_line</name>
         <load_address>0x4f9</load_address>
         <run_address>0x4f9</run_address>
         <size>0x97</size>
         <input_file_ref idref="fl-3"/>
      </object_component>
      <object_component id="oc-185">
         <name>.debug_line</name>
         <load_address>0x590</load_address>
         <run_address>0x590</run_address>
         <size>0x94</size>
         <input_file_ref idref="fl-3"/>
      </object_component>
      <object_component id="oc-17f">
         <name>.debug_line</name>
         <load_address>0x624</load_address>
         <run_address>0x624</run_address>
         <size>0x94</size>
         <input_file_ref idref="fl-3"/>
      </object_component>
      <object_component id="oc-22d">
         <name>.debug_line</name>
         <load_address>0x6b8</load_address>
         <run_address>0x6b8</run_address>
         <size>0x98</size>
         <input_file_ref idref="fl-3"/>
      </object_component>
      <object_component id="oc-e5">
         <name>.debug_line</name>
         <load_address>0x750</load_address>
         <run_address>0x750</run_address>
         <size>0x6d</size>
         <input_file_ref idref="fl-3"/>
      </object_component>
      <object_component id="oc-f7">
         <name>.debug_line</name>
         <load_address>0x7bd</load_address>
         <run_address>0x7bd</run_address>
         <size>0x5a</size>
         <input_file_ref idref="fl-3"/>
      </object_component>
      <object_component id="oc-157">
         <name>.debug_line</name>
         <load_address>0x817</load_address>
         <run_address>0x817</run_address>
         <size>0xb1</size>
         <input_file_ref idref="fl-3"/>
      </object_component>
      <object_component id="oc-15d">
         <name>.debug_line</name>
         <load_address>0x8c8</load_address>
         <run_address>0x8c8</run_address>
         <size>0x5a</size>
         <input_file_ref idref="fl-3"/>
      </object_component>
      <object_component id="oc-31e">
         <name>.debug_line</name>
         <load_address>0x922</load_address>
         <run_address>0x922</run_address>
         <size>0x59</size>
         <input_file_ref idref="fl-3"/>
      </object_component>
      <object_component id="oc-234">
         <name>.debug_line</name>
         <load_address>0x97b</load_address>
         <run_address>0x97b</run_address>
         <size>0x57</size>
         <input_file_ref idref="fl-3"/>
      </object_component>
      <object_component id="oc-139">
         <name>.debug_line</name>
         <load_address>0x9d2</load_address>
         <run_address>0x9d2</run_address>
         <size>0x5a</size>
         <input_file_ref idref="fl-3"/>
      </object_component>
      <object_component id="oc-237">
         <name>.debug_line</name>
         <load_address>0xa2c</load_address>
         <run_address>0xa2c</run_address>
         <size>0xe0</size>
         <input_file_ref idref="fl-3"/>
      </object_component>
      <object_component id="oc-3a">
         <name>.debug_line</name>
         <load_address>0xb0c</load_address>
         <run_address>0xb0c</run_address>
         <size>0x5b</size>
         <input_file_ref idref="fl-4"/>
      </object_component>
      <object_component id="oc-6a">
         <name>.debug_line</name>
         <load_address>0xb67</load_address>
         <run_address>0xb67</run_address>
         <size>0x63</size>
         <input_file_ref idref="fl-4"/>
      </object_component>
      <object_component id="oc-2ac">
         <name>.debug_line</name>
         <load_address>0xbca</load_address>
         <run_address>0xbca</run_address>
         <size>0x5d</size>
         <input_file_ref idref="fl-e"/>
      </object_component>
      <object_component id="oc-273">
         <name>.debug_line</name>
         <load_address>0xc27</load_address>
         <run_address>0xc27</run_address>
         <size>0x5d</size>
         <input_file_ref idref="fl-e"/>
      </object_component>
      <object_component id="oc-2a0">
         <name>.debug_line</name>
         <load_address>0xc84</load_address>
         <run_address>0xc84</run_address>
         <size>0x5d</size>
         <input_file_ref idref="fl-e"/>
      </object_component>
      <object_component id="oc-2a3">
         <name>.debug_line</name>
         <load_address>0xce1</load_address>
         <run_address>0xce1</run_address>
         <size>0x5d</size>
         <input_file_ref idref="fl-e"/>
      </object_component>
      <object_component id="oc-279">
         <name>.debug_line</name>
         <load_address>0xd3e</load_address>
         <run_address>0xd3e</run_address>
         <size>0x5d</size>
         <input_file_ref idref="fl-e"/>
      </object_component>
      <object_component id="oc-27f">
         <name>.debug_line</name>
         <load_address>0xd9b</load_address>
         <run_address>0xd9b</run_address>
         <size>0x5d</size>
         <input_file_ref idref="fl-e"/>
      </object_component>
      <object_component id="oc-29a">
         <name>.debug_line</name>
         <load_address>0xdf8</load_address>
         <run_address>0xdf8</run_address>
         <size>0x63</size>
         <input_file_ref idref="fl-e"/>
      </object_component>
      <object_component id="oc-2b8">
         <name>.debug_line</name>
         <load_address>0xe5b</load_address>
         <run_address>0xe5b</run_address>
         <size>0x5b</size>
         <input_file_ref idref="fl-e"/>
      </object_component>
      <object_component id="oc-2af">
         <name>.debug_line</name>
         <load_address>0xeb6</load_address>
         <run_address>0xeb6</run_address>
         <size>0x5b</size>
         <input_file_ref idref="fl-e"/>
      </object_component>
      <object_component id="oc-267">
         <name>.debug_line</name>
         <load_address>0xf11</load_address>
         <run_address>0xf11</run_address>
         <size>0x5d</size>
         <input_file_ref idref="fl-e"/>
      </object_component>
      <object_component id="oc-26d">
         <name>.debug_line</name>
         <load_address>0xf6e</load_address>
         <run_address>0xf6e</run_address>
         <size>0x5d</size>
         <input_file_ref idref="fl-e"/>
      </object_component>
      <object_component id="oc-28b">
         <name>.debug_line</name>
         <load_address>0xfcb</load_address>
         <run_address>0xfcb</run_address>
         <size>0x5d</size>
         <input_file_ref idref="fl-e"/>
      </object_component>
      <object_component id="oc-288">
         <name>.debug_line</name>
         <load_address>0x1028</load_address>
         <run_address>0x1028</run_address>
         <size>0x5d</size>
         <input_file_ref idref="fl-e"/>
      </object_component>
      <object_component id="oc-291">
         <name>.debug_line</name>
         <load_address>0x1085</load_address>
         <run_address>0x1085</run_address>
         <size>0x61</size>
         <input_file_ref idref="fl-e"/>
      </object_component>
      <object_component id="oc-1ff">
         <name>.debug_line</name>
         <load_address>0x10e6</load_address>
         <run_address>0x10e6</run_address>
         <size>0x87</size>
         <input_file_ref idref="fl-e"/>
      </object_component>
      <object_component id="oc-343">
         <name>.debug_line</name>
         <load_address>0x116d</load_address>
         <run_address>0x116d</run_address>
         <size>0x45</size>
         <input_file_ref idref="fl-e"/>
      </object_component>
      <object_component id="oc-1e3">
         <name>.debug_line</name>
         <load_address>0x11b2</load_address>
         <run_address>0x11b2</run_address>
         <size>0x5f</size>
         <input_file_ref idref="fl-17"/>
      </object_component>
      <object_component id="oc-1cb">
         <name>.debug_line</name>
         <load_address>0x1211</load_address>
         <run_address>0x1211</run_address>
         <size>0x5f</size>
         <input_file_ref idref="fl-17"/>
      </object_component>
      <object_component id="oc-1d1">
         <name>.debug_line</name>
         <load_address>0x1270</load_address>
         <run_address>0x1270</run_address>
         <size>0x5f</size>
         <input_file_ref idref="fl-17"/>
      </object_component>
      <object_component id="oc-1eb">
         <name>.debug_line</name>
         <load_address>0x12cf</load_address>
         <run_address>0x12cf</run_address>
         <size>0x5f</size>
         <input_file_ref idref="fl-17"/>
[...]
               <size>0x7fec</size>
            </available_space>
         </usage_details>
      </memory_area>
      <memory_area display="yes" color="green">
         <name>FLASH5</name>
         <page_id>0x0</page_id>
         <origin>0x90000</origin>
         <length>0x8000</length>
         <used_space>0x88</used_space>
         <unused_space>0x7f78</unused_space>
         <attributes>RWIX</attributes>
         <usage_details>
            <allocated_space>
               <start_address>0x90000</start_address>
               <size>0x88</size>
               <logical_group_ref idref="lg-e"/>
            </allocated_space>
            <available_space>
               <start_address>0x90088</start_address>
               <size>0x7f78</size>
            </available_space>
         </usage_details>
      </memory_area>
      <memory_area display="yes" color="green">
         <name>FLASH6</name>
         <page_id>0x0</page_id>
         <origin>0x98000</origin>
         <length>0x8000</length>
         <used_space>0x0</used_space>
         <unused_space>0x8000</unused_space>
         <attributes>RWIX</attributes>
         <usage_details>
         </usage_details>
      </memory_area>
      <memory_area display="yes" color="green">
         <name>FLASH7</name>
         <page_id>0x0</page_id>
         <origin>0xa0000</origin>
         <length>0x8000</length>
         <used_space>0x0</used_space>
         <unused_space>0x8000</unused_space>
         <attributes>RWIX</attributes>
         <usage_details>
         </usage_details>
      </memory_area>
      <memory_area display="yes" color="green">
         <name>FLASH8</name>
         <page_id>0x0</page_id>
         <origin>0xa8000</origin>
         <length>0x8000</length>
         <used_space>0x0</used_space>
         <unused_space>0x8000</unused_space>
         <attributes>RWIX</attributes>
         <usage_details>
         </usage_details>
      </memory_area>
      <memory_area display="yes" color="green">
         <name>FLASH9</name>
         <page_id>0x0</page_id>
         <origin>0xb0000</origin>
         <length>0x8000</length>
         <used_space>0x0</used_space>
         <unused_space>0x8000</unused_space>
         <attributes>RWIX</attributes>
         <usage_details>
         </usage_details>
      </memory_area>
      <memory_area display="yes" color="green">
         <name>FLASH10</name>
         <page_id>0x0</page_id>
         <origin>0xb8000</origin>
         <length>0x2000</length>
         <used_space>0x0</used_space>
         <unused_space>0x2000</unused_space>
         <attributes>RWIX</attributes>
         <usage_details>
         </usage_details>
      </memory_area>
      <memory_area display="yes" color="green">
         <name>FLASH11</name>
         <page_id>0x0</page_id>
         <origin>0xba000</origin>
         <length>0x2000</length>
         <used_space>0x0</used_space>
         <unused_space>0x2000</unused_space>
         <attributes>RWIX</attributes>
         <usage_details>
         </usage_details>
      </memory_area>
      <memory_area display="yes" color="green">
         <name>FLASH12</name>
         <page_id>0x0</page_id>
         <origin>0xbc000</origin>
         <length>0x2000</length>
         <used_space>0x0</used_space>
         <unused_space>0x2000</unused_space>
         <attributes>RWIX</attributes>
         <usage_details>
         </usage_details>
      </memory_area>
      <memory_area display="yes" color="green">
         <name>FLASH13</name>
         <page_id>0x0</page_id>
         <origin>0xbe000</origin>
         <length>0x1ff0</length>
         <used_space>0x0</used_space>
         <unused_space>0x1ff0</unused_space>
         <attributes>RWIX</attributes>
         <usage_details>
         </usage_details>
      </memory_area>
      <memory_area display="no" color="green">
         <name>FLASH13_DO_NOT_USE</name>
         <page_id>0x0</page_id>
         <origin>0xbfff0</origin>
         <length>0x10</length>
         <used_space>0x0</used_space>
         <unused_space>0x10</unused_space>
         <attributes>RWIX</attributes>
         <usage_details>
         </usage_details>
      </memory_area>
      <memory_area display="no" color="green">
         <name>RESET</name>
         <page_id>0x0</page_id>
         <origin>0x3fffc0</origin>
         <length>0x2</length>
         <used_space>0x0</used_space>
         <unused_space>0x2</unused_space>
         <attributes>RWIX</attributes>
         <usage_details>
         </usage_details>
      </memory_area>
   </placement_map>
   <cptbl_list>
      <cptbl>
         <name>__TI_cinit_table</name>
         <cprec>
            <name>.data</name>
            <load_address>0x88000</load_address>
            <load_size>0x9</load_size>
            <run_address>0xa800</run_address>
            <run_size>0xa</run_size>
            <compression>lzss</compression>
         </cprec>
      </cptbl>
   </cptbl_list>
   <handler_table>
      <handler_table_name>__TI_handler_table</handler_table_name>
      <handler>
         <index>0x0</index>
         <name>__TI_decompress_lzss</name>
      </handler>
      <handler>
         <index>0x1</index>
         <name>__TI_decompress_none</name>
      </handler>
   </handler_table>
   <mem_crc_table_list>
      <mem_crc_table>
         <name>_ccs_flash_checksum</name>
         <alg_name>C28_CHECKSUM_16</alg_name>
         <alg_id>0xd</alg_id>
         <crc_value>0xafa9</crc_value>
         <mem_crc_rec>
            <name>BEGIN</name>
            <load_page_id>0x0</load_page_id>
            <load_address>0x80000</load_address>
            <load_size>0x2</load_size>
         </mem_crc_rec>
         <mem_crc_rec>
            <name>FLASH0</name>
            <load_page_id>0x0</load_page_id>
            <load_address>0x80002</load_address>
            <load_size>0x1ffe</load_size>
         </mem_crc_rec>
         <mem_crc_rec>
            <name>FLASH1</name>
            <load_page_id>0x0</load_page_id>
            <load_address>0x82000</load_address>
            <load_size>0x2000</load_size>
         </mem_crc_rec>
         <mem_crc_rec>
            <name>FLASH2</name>
            <load_page_id>0x0</load_page_id>
            <load_address>0x84000</load_address>
            <load_size>0x2000</load_size>
         </mem_crc_rec>
         <mem_crc_rec>
            <name>FLASH3</name>
            <load_page_id>0x0</load_page_id>
            <load_address>0x86000</load_address>
            <load_size>0x2000</load_size>
         </mem_crc_rec>
         <mem_crc_rec>
            <name>FLASH4</name>
            <load_page_id>0x0</load_page_id>
            <load_address>0x88000</load_address>
            <load_size>0x8000</load_size>
         </mem_crc_rec>
         <mem_crc_rec>
            <name>FLASH5</name>
            <load_page_id>0x0</load_page_id>
            <load_address>0x90000</load_address>
            <load_size>0x8000</load_size>
         </mem_crc_rec>
         <mem_crc_rec>
            <name>FLASH6</name>
            <load_page_id>0x0</load_page_id>
            <load_address>0x98000</load_address>
            <load_size>0x8000</load_size>
         </mem_crc_rec>
         <mem_crc_rec>
            <name>FLASH7</name>
            <load_page_id>0x0</load_page_id>
            <load_address>0xa0000</load_address>
            <load_size>0x8000</load_size>
         </mem_crc_rec>
         <mem_crc_rec>
            <name>FLASH8</name>
            <load_page_id>0x0</load_page_id>
            <load_address>0xa8000</load_address>
            <load_size>0x8000</load_size>
         </mem_crc_rec>
         <mem_crc_rec>
            <name>FLASH9</name>
            <load_page_id>0x0</load_page_id>
            <load_address>0xb0000</load_address>
            <load_size>0x8000</load_size>
         </mem_crc_rec>
         <mem_crc_rec>
            <name>FLASH10</name>
            <load_page_id>0x0</load_page_id>
            <load_address>0xb8000</load_address>
            <load_size>0x2000</load_size>
         </mem_crc_rec>
         <mem_crc_rec>
            <name>FLASH11</name>
            <load_page_id>0x0</load_page_id>
            <load_address>0xba000</load_address>
            <load_size>0x2000</load_size>
         </mem_crc_rec>
         <mem_crc_rec>
            <name>FLASH12</name>
            <load_page_id>0x0</load_page_id>
            <load_address>0xbc000</load_address>
            <load_size>0x2000</load_size>
         </mem_crc_rec>
         <mem_crc_rec>
            <name>FLASH13</name>
            <load_page_id>0x0</load_page_id>
            <load_address>0xbe000</load_address>
            <load_size>0x1ff0</load_size>
         </mem_crc_rec>
         <mem_crc_rec>
            <name>FLASH13_DO_NOT_USE</name>
            <load_page_id>0x0</load_page_id>
            <load_address>0xbfff0</load_address>
            <load_size>0x10</load_size>
         </mem_crc_rec>
      </mem_crc_table>
   </mem_crc_table_list>
   <symbol_table>
      <symbol id="sm-1">
         <name>RamfuncsLoadStart</name>
         <value>0x86000</value>
      </symbol>
      <symbol id="sm-2">
         <name>RamfuncsLoadSize</name>
         <value>0xaf</value>
      </symbol>
      <symbol id="sm-3">
         <name>RamfuncsLoadEnd</name>
         <value>0x860af</value>
      </symbol>
      <symbol id="sm-4">
         <name>RamfuncsRunStart</name>
         <value>0x8000</value>
      </symbol>
      <symbol id="sm-5">
         <name>RamfuncsRunSize</name>
         <value>0xaf</value>
      </symbol>
      <symbol id="sm-6">
         <name>RamfuncsRunEnd</name>
         <value>0x80af</value>
      </symbol>
      <symbol id="sm-7">
         <name>__TI_CINIT_Base</name>
         <value>0x88010</value>
      </symbol>
      <symbol id="sm-8">
         <name>__TI_CINIT_Limit</name>
         <value>0x88014</value>
      </symbol>
      <symbol id="sm-9">
         <name>__TI_CINIT_Warm</name>
         <value>0x88014</value>
      </symbol>
      <symbol id="sm-a">
         <name>__TI_Handler_Table_Base</name>
         <value>0x8800a</value>
      </symbol>
      <symbol id="sm-b">
         <name>__TI_Handler_Table_Limit</name>
         <value>0x8800e</value>
      </symbol>
      <symbol id="sm-c">
         <name>_ccs_flash_checksum</name>
         <value>0x0</value>
      </symbol>
      <symbol id="sm-d">
         <name>__TI_MEMRANGE_CRC__ccs_flash_checksum</name>
         <value>0x0</value>
      </symbol>
      <symbol id="sm-e">
         <name>__TI_STACK_SIZE</name>
         <value>0x200</value>
      </symbol>
      <symbol id="sm-f">
         <name>__TI_STACK_END</name>
         <value>0x600</value>
      </symbol>
      <symbol id="sm-10">
         <name>__TI_pprof_out_hndl</name>
         <value>0xffffffff</value>
      </symbol>
      <symbol id="sm-11">
         <name>__TI_prof_data_start</name>
         <value>0xffffffff</value>
      </symbol>
      <symbol id="sm-12">
         <name>__TI_prof_data_size</name>
         <value>0xffffffff</value>
      </symbol>
      <symbol id="sm-5e">
         <name>GPIO_init</name>
         <value>0x8283a</value>
         <object_component_ref idref="oc-f8"/>
      </symbol>
      <symbol id="sm-5f">
         <name>main</name>
         <value>0x82b27</value>
         <object_component_ref idref="oc-af"/>
      </symbol>
      <symbol id="sm-dc">
         <name>Device_enableAllPeripherals</name>
         <value>0x82000</value>
         <object_component_ref idref="oc-152"/>
      </symbol>
      <symbol id="sm-dd">
         <name>Device_verifyXTAL</name>
         <value>0x82a39</value>
         <object_component_ref idref="oc-134"/>
      </symbol>
      <symbol id="sm-de">
         <name>Device_initGPIO</name>
         <value>0x82a18</value>
         <object_component_ref idref="oc-158"/>
      </symbol>
      <symbol id="sm-df">
         <name>Device_init</name>
         <value>0x82805</value>
         <object_component_ref idref="oc-e0"/>
      </symbol>
      <symbol id="sm-e0">
         <name>Device_bootCM</name>
         <value>0x82b3e</value>
         <object_component_ref idref="oc-f2"/>
      </symbol>
      <symbol id="sm-e1">
         <name>Device_enableUnbondedGPIOPullups</name>
         <value>0x82bf0</value>
         <object_component_ref idref="oc-22f"/>
      </symbol>
      <symbol id="sm-e2">
         <name>Device_enableUnbondedGPIOPullupsFor176Pin</name>
         <value>0x82bb9</value>
         <object_component_ref idref="oc-319"/>
      </symbol>
      <symbol id="sm-f1">
         <name>code_start</name>
         <value>0x80000</value>
         <object_component_ref idref="oc-36"/>
      </symbol>
      <symbol id="sm-182">
         <name>DCC_verifyClockFrequency</name>
         <value>0x82481</value>
         <object_component_ref idref="oc-1fe"/>
      </symbol>
      <symbol id="sm-1d7">
         <name>Flash_initModule</name>
         <value>0x8000</value>
         <object_component_ref idref="oc-12e"/>
      </symbol>
      <symbol id="sm-209">
         <name>GPIO_setQualificationMode</name>
         <value>0x82633</value>
         <object_component_ref idref="oc-1a0"/>
      </symbol>
      <symbol id="sm-20a">
         <name>GPIO_setPadConfig</name>
         <value>0x8269f</value>
         <object_component_ref idref="oc-19a"/>
      </symbol>
      <symbol id="sm-20b">
         <name>GPIO_setDirectionMode</name>
         <value>0x8274c</value>
         <object_component_ref idref="oc-1a6"/>
      </symbol>
      <symbol id="sm-20c">
         <name>GPIO_setPinConfig</name>
         <value>0x827ce</value>
         <object_component_ref idref="oc-194"/>
      </symbol>
      <symbol id="sm-20d">
         <name>GPIO_setMasterCore</name>
         <value>0x825c7</value>
         <object_component_ref idref="oc-1ac"/>
      </symbol>
      <symbol id="sm-24d">
         <name>Interrupt_initModule</name>
         <value>0x82791</value>
         <object_component_ref idref="oc-e6"/>
      </symbol>
      <symbol id="sm-24e">
         <name>Interrupt_initVectorTable</name>
         <value>0x82a57</value>
         <object_component_ref idref="oc-ec"/>
      </symbol>
      <symbol id="sm-26d">
         <name>IPC_CPU_To_CM_GetBuffer</name>
         <value>0x38000</value>
         <object_component_ref idref="oc-329"/>
      </symbol>
      <symbol id="sm-26e">
         <name>IPC_CPU1_To_CPU2_GetBuffer</name>
         <value>0x3b000</value>
         <object_component_ref idref="oc-323"/>
      </symbol>
      <symbol id="sm-26f">
         <name>IPC_CPU1_To_CPU2_PutBuffer</name>
         <value>0x3a000</value>
         <object_component_ref idref="oc-320"/>
      </symbol>
      <symbol id="sm-270">
         <name>IPC_CPU_To_CM_PutBuffer</name>
         <value>0x39000</value>
         <object_component_ref idref="oc-326"/>
      </symbol>
      <symbol id="sm-271">
         <name>IPC_Instance</name>
         <value>0x90000</value>
         <object_component_ref idref="oc-240"/>
      </symbol>
      <symbol id="sm-385">
         <name>SysCtl_isPLLValid</name>
         <value>0x82167</value>
         <object_component_ref idref="oc-217"/>
      </symbol>
      <symbol id="sm-386">
         <name>SysCtl_delay</name>
         <value>0x80ab</value>
         <object_component_ref idref="oc-10a"/>
      </symbol>
      <symbol id="sm-387">
         <name>SysCtl_selectXTALSingleEnded</name>
         <value>0x82ac6</value>
         <object_component_ref idref="oc-2c3"/>
      </symbol>
      <symbol id="sm-388">
         <name>SysCtl_selectXTAL</name>
         <value>0x829f4</value>
         <object_component_ref idref="oc-2bd"/>
      </symbol>
      <symbol id="sm-389">
         <name>SysCtl_selectOscSource</name>
         <value>0x82929</value>
         <object_component_ref idref="oc-20b"/>
      </symbol>
      <symbol id="sm-38a">
         <name>SysCtl_controlCMReset</name>
         <value>0x829cf</value>
         <object_component_ref idref="oc-187"/>
      </symbol>
      <symbol id="sm-38b">
         <name>SysCtl_setClock</name>
         <value>0x82289</value>
         <object_component_ref idref="oc-13a"/>
      </symbol>
      <symbol id="sm-38c">
         <name>SysCtl_selectOscSourceAuxPLL</name>
         <value>0x82705</value>
         <object_component_ref idref="oc-220"/>
      </symbol>
      <symbol id="sm-38d">
         <name>SysCtl_setAuxClock</name>
         <value>0x82396</value>
         <object_component_ref idref="oc-146"/>
      </symbol>
      <symbol id="sm-39a">
         <name>_c_int00</name>
         <value>0x82ae0</value>
         <object_component_ref idref="oc-2b"/>
      </symbol>
      <symbol id="sm-39b">
         <name>__stack</name>
         <value>0x400</value>
         <object_component_ref idref="oc-3b"/>
      </symbol>
      <symbol id="sm-3a8">
         <name>__c28xabi_divf</name>
         <value>0x8253f</value>
         <object_component_ref idref="oc-261"/>
      </symbol>
      <symbol id="sm-3ba">
         <name>memcpy</name>
         <value>0x82a75</value>
         <object_component_ref idref="oc-3e"/>
      </symbol>
      <symbol id="sm-3c7">
         <name>_system_pre_init</name>
         <value>0x82d67</value>
         <object_component_ref idref="oc-52"/>
      </symbol>
      <symbol id="sm-3d6">
         <name>__TI_auto_init_nobinit_nopinit</name>
         <value>0x82954</value>
         <object_component_ref idref="oc-7f"/>
      </symbol>
      <symbol id="sm-3e4">
         <name>__TI_decompress_none</name>
         <value>0x82d4c</value>
         <object_component_ref idref="oc-24"/>
      </symbol>
      <symbol id="sm-3f8">
         <name>__TI_decompress_lzss</name>
         <value>0x828fb</value>
         <object_component_ref idref="oc-1e"/>
      </symbol>
      <symbol id="sm-40e">
         <name>C$$EXIT</name>
         <value>0x8297f</value>
         <object_component_ref idref="oc-5f"/>
      </symbol>
      <symbol id="sm-40f">
         <name>abort</name>
         <value>0x8297f</value>
         <object_component_ref idref="oc-5f"/>
      </symbol>
      <symbol id="sm-410">
         <name>exit</name>
         <value>0x82981</value>
         <object_component_ref idref="oc-5f"/>
      </symbol>
      <symbol id="sm-411">
         <name>__TI_dtors_ptr</name>
         <value>0xa804</value>
         <object_component_ref idref="oc-b7"/>
      </symbol>
      <symbol id="sm-412">
         <name>__TI_cleanup_ptr</name>
         <value>0xa802</value>
         <object_component_ref idref="oc-b7"/>
      </symbol>
      <symbol id="sm-413">
         <name>__TI_enable_exit_profile_output</name>
         <value>0xa800</value>
         <object_component_ref idref="oc-b7"/>
      </symbol>
      <symbol id="sm-42a">
         <name>_nop</name>
         <value>0x82d43</value>
         <object_component_ref idref="oc-112"/>
      </symbol>
      <symbol id="sm-42b">
         <name>_lock</name>
         <value>0xa806</value>
         <object_component_ref idref="oc-ba"/>
      </symbol>
      <symbol id="sm-42c">
         <name>_unlock</name>
         <value>0xa808</value>
         <object_component_ref idref="oc-1b8"/>
      </symbol>
      <symbol id="sm-42d">
         <name>_register_lock</name>
         <value>0x82d3f</value>
         <object_component_ref idref="oc-112"/>
      </symbol>
      <symbol id="sm-42e">
         <name>_register_unlock</name>
         <value>0x82d3b</value>
         <object_component_ref idref="oc-112"/>
      </symbol>
      <symbol id="sm-43d">
         <name>_args_main</name>
         <value>0x82c95</value>
         <object_component_ref idref="oc-59"/>
      </symbol>
      <symbol id="sm-44c">
         <name>_system_post_cinit</name>
         <value>0x82d69</value>
         <object_component_ref idref="oc-cb"/>
      </symbol>
      <symbol id="sm-44e">
         <name>__c_args__</name>
         <value>0x0</value>
      </symbol>
   </symbol_table>
   <title>Link successful</title>
</link_info>
