******************************************************************************
             TMS320C2000 Linker PC v22.6.0                     
******************************************************************************
>> Linked Wed Dec 17 17:30:47 2025

OUTPUT FILE NAME:   <Blink_CPU1.out>
ENTRY POINT SYMBOL: "_c_int00"  address: 00082ae0


MEMORY CONFIGURATION

         name            origin    length      used     unused   attr    fill
----------------------  --------  ---------  --------  --------  ----  --------
  BOOT_RSVD             00000002   000001ae  00000000  000001ae  RWIX
  RAMM0                 000001b0   00000250  00000000  00000250  RWIX
  RAMM1                 00000400   00000400  00000200  00000200  RWIX
  RAMLS0                00008000   00000800  000000af  00000751  RWIX
  RAMLS1                00008800   00000800  00000000  00000800  RWIX
  RAMLS2                00009000   00000800  00000000  00000800  RWIX
  RAMLS3                00009800   00000800  00000000  00000800  RWIX
  RAMLS4                0000a000   00000800  00000000  00000800  RWIX
  RAMLS5                0000a800   00000800  0000000a  000007f6  RWIX
  RAMLS6                0000b000   00000800  00000000  00000800  RWIX
  RAMLS7                0000b800   00000800  00000000  00000800  RWIX
  RAMD0                 0000c000   00000800  00000000  00000800  RWIX
  RAMD1                 0000c800   00000800  00000000  00000800  RWIX
  RAMGS0                0000d000   00001000  00000000  00001000  RWIX
  RAMGS1                0000e000   00001000  00000000  00001000  RWIX
  RAMGS2                0000f000   00001000  00000000  00001000  RWIX
  RAMGS3                00010000   00001000  00000000  00001000  RWIX
  RAMGS4                00011000   00001000  00000000  00001000  RWIX
  RAMGS5                00012000   00001000  00000000  00001000  RWIX
  RAMGS6                00013000   00001000  00000000  00001000  RWIX
  RAMGS7                00014000   00001000  00000000  00001000  RWIX
  RAMGS8                00015000   00001000  00000000  00001000  RWIX
  RAMGS9                00016000   00001000  00000000  00001000  RWIX
  RAMGS10               00017000   00001000  00000000  00001000  RWIX
  RAMGS11               00018000   00001000  00000000  00001000  RWIX
  RAMGS12               00019000   00001000  00000000  00001000  RWIX
  RAMGS13               0001a000   00001000  00000000  00001000  RWIX
  RAMGS14               0001b000   00001000  00000000  00001000  RWIX
  RAMGS15               0001c000   00001000  00000000  00001000  RWIX
  CMTOCPURAM            00038000   00000800  00000088  00000778  RWIX
  CPUTOCMRAM            00039000   00000800  00000088  00000778  RWIX
  CPU1TOCPU2RAM         0003a000   00000800  00000088  00000778  RWIX
  CPU2TOCPU1RAM         0003b000   00000800  00000088  00000778  RWIX
  CANA_MSG_RAM          00049000   00000800  00000000  00000800  RWIX
  CANB_MSG_RAM          0004b000   00000800  00000000  00000800  RWIX
  BEGIN                 00080000   00000002  00000002  00000000  RWIX
  FLASH0                00080002   00001ffe  00000000  00001ffe  RWIX
  FLASH1                00082000   00002000  00000d6a  00001296  RWIX
  FLASH2                00084000   00002000  00000000  00002000  RWIX
  FLASH3                00086000   00002000  000000af  00001f51  RWIX
  FLASH4                00088000   00008000  00000014  00007fec  RWIX
  FLASH5                00090000   00008000  00000088  00007f78  RWIX
  FLASH6                00098000   00008000  00000000  00008000  RWIX
  FLASH7                000a0000   00008000  00000000  00008000  RWIX
  FLASH8                000a8000   00008000  00000000  00008000  RWIX
  FLASH9                000b0000   00008000  00000000  00008000  RWIX
  FLASH10               000b8000   00002000  00000000  00002000  RWIX
  FLASH11               000ba000   00002000  00000000  00002000  RWIX
  FLASH12               000bc000   00002000  00000000  00002000  RWIX
  FLASH13               000be000   00001ff0  00000000  00001ff0  RWIX
  FLASH13_DO_NOT_USE    000bfff0   00000010  00000000  00000010  RWIX
  RESET                 003fffc0   00000002  00000000  00000002  RWIX


SECTION ALLOCATION MAP

 output                                  attributes/
section   page    origin      length       input sections
--------  ----  ----------  ----------   ----------------
codestart 
*          0    00080000    00000002     
                  00080000    00000002     f2838x_codestartbranch.obj (codestart)

.cinit     0    00088000    00000014     
                  00088000    00000009     (.cinit..data.load) [load image, compression = lzss]
                  00088009    00000001     --HOLE-- [fill = 0]
                  0008800a    00000004     (__TI_handler_table)
                  0008800e    00000002     --HOLE-- [fill = 0]
                  00088010    00000004     (__TI_cinit_table)

.reset     0    003fffc0    00000000     DSECT

.stack     0    00000400    00000200     UNINITIALIZED
                  00000400    00000200     --HOLE--

.init_array 
*          0    00082000    00000000     UNINITIALIZED

.data      0    0000a800    0000000a     UNINITIALIZED
                  0000a800    00000006     rts2800_fpu64_eabi.lib : exit.c.obj (.data)
                  0000a806    00000002                            : _lock.c.obj (.data:_lock)
                  0000a808    00000002                            : _lock.c.obj (.data:_unlock)

MSGRAM_CM_TO_CPU 
*          0    00038000    00000088     UNINITIALIZED
                  00038000    00000088     ipc.obj (MSGRAM_CM_TO_CPU)

MSGRAM_CPU_TO_CM 
*          0    00039000    00000088     UNINITIALIZED
                  00039000    00000088     ipc.obj (MSGRAM_CPU_TO_CM)

.const     0    00090000    00000088     
                  00090000    00000088     ipc.obj (.const:IPC_Instance)

MSGRAM_CPU1_TO_CPU2 
*          0    0003a000    00000088     UNINITIALIZED
                  0003a000    00000088     ipc.obj (MSGRAM_CPU1_TO_CPU2)

MSGRAM_CPU2_TO_CPU1 
*          0    0003b000    00000088     UNINITIALIZED
                  0003b000    00000088     ipc.obj (MSGRAM_CPU2_TO_CPU1)

.TI.ramfunc 
*          0    00086000    000000af     RUN ADDR = 00008000
                  00086000    00000023     flash.obj (.TI.ramfunc:Flash_initModule)
                  00086023    00000022     flash.obj (.TI.ramfunc:Flash_setBankPowerMode)
                  00086045    00000013     flash.obj (.TI.ramfunc:Flash_setPumpPowerMode)
                  00086058    00000011     flash.obj (.TI.ramfunc:Flash_setWaitstates)
                  00086069    0000000e     flash.obj (.TI.ramfunc:Flash_disableCache)
                  00086077    0000000e     flash.obj (.TI.ramfunc:Flash_disablePrefetch)
                  00086085    0000000d     flash.obj (.TI.ramfunc:Flash_enableCache)
                  00086092    0000000d     flash.obj (.TI.ramfunc:Flash_enablePrefetch)
                  0008609f    0000000c     flash.obj (.TI.ramfunc:Flash_enableECC)
                  000860ab    00000004     sysctl.obj (.TI.ramfunc)

.TI.memcrc 
*          0    00000000    00000066     COPY SECTION
                  00000000    00000066     (.TI.memcrc:_ccs_flash_checksum)

.text      0    00082000    00000d6a     
                  00082000    00000167     device.obj (.text:Device_enableAllPeripherals)
                  00082167    00000122     sysctl.obj (.text:SysCtl_isPLLValid)
                  00082289    0000010d     sysctl.obj (.text:SysCtl_setClock)
                  00082396    000000eb     sysctl.obj (.text:SysCtl_setAuxClock)
                  00082481    000000be     dcc.obj (.text:DCC_verifyClockFrequency)
                  0008253f    00000088     rts2800_fpu64_eabi.lib : fs_div28.asm.obj (.text)
                  000825c7    0000006c     gpio.obj (.text:GPIO_setMasterCore)
                  00082633    0000006c     gpio.obj (.text:GPIO_setQualificationMode)
                  0008269f    00000066     gpio.obj (.text:GPIO_setPadConfig)
                  00082705    00000047     sysctl.obj (.text:SysCtl_selectOscSourceAuxPLL)
                  0008274c    00000045     gpio.obj (.text:GPIO_setDirectionMode)
                  00082791    0000003d     interrupt.obj (.text:Interrupt_initModule)
                  000827ce    00000037     gpio.obj (.text:GPIO_setPinConfig)
                  00082805    00000035     device.obj (.text:Device_init)
                  0008283a    00000032     main.obj (.text:GPIO_init)
                  0008286c    00000031     main.obj (.text:GPIO_togglePin)
                  0008289d    0000002f     dcc.obj (.text:DCC_setCounterSeeds)
                  000828cc    0000002f     sysctl.obj (.text:DCC_setCounterSeeds)
                  000828fb    0000002e     rts2800_fpu64_eabi.lib : copy_decompress_lzss.c.obj (.text:decompress:lzss)
                  00082929    0000002b     sysctl.obj (.text:SysCtl_selectOscSource)
                  00082954    0000002b     rts2800_fpu64_eabi.lib : autoinit.c.obj (.text:__TI_auto_init_nobinit_nopinit)
                  0008297f    00000029                            : exit.c.obj (.text)
                  000829a8    00000027     sysctl.obj (.text:SysCtl_pollX1Counter)
                  000829cf    00000025     sysctl.obj (.text:SysCtl_controlCMReset)
                  000829f4    00000024     sysctl.obj (.text:SysCtl_selectXTAL)
                  00082a18    00000021     device.obj (.text:Device_initGPIO)
                  00082a39    0000001e     device.obj (.text:Device_verifyXTAL)
                  00082a57    0000001e     interrupt.obj (.text:Interrupt_initVectorTable)
                  00082a75    0000001d     rts2800_fpu64_eabi.lib : memcpy.c.obj (.text)
                  00082a92    0000001a     dcc.obj (.text:DCC_enableSingleShotMode)
                  00082aac    0000001a     sysctl.obj (.text:DCC_enableSingleShotMode)
                  00082ac6    0000001a     sysctl.obj (.text:SysCtl_selectXTALSingleEnded)
                  00082ae0    00000019     rts2800_fpu64_eabi.lib : boot28.asm.obj (.text)
                  00082af9    00000017     device.obj (.text:SysCtl_enablePeripheral)
                  00082b10    00000017     sysctl.obj (.text:SysCtl_enablePeripheral)
                  00082b27    00000017     main.obj (.text:main)
                  00082b3e    00000016     device.obj (.text:Device_bootCM)
                  00082b54    00000015     device.obj (.text:GPIO_unlockPortConfig)
                  00082b69    00000014     dcc.obj (.text:DCC_setCounter0ClkSource)
                  00082b7d    00000014     sysctl.obj (.text:DCC_setCounter0ClkSource)
                  00082b91    00000014     dcc.obj (.text:DCC_setCounter1ClkSource)
                  00082ba5    00000014     sysctl.obj (.text:DCC_setCounter1ClkSource)
                  00082bb9    00000013     device.obj (.text:Device_enableUnbondedGPIOPullupsFor176Pin)
                  00082bcc    00000012     dcc.obj (.text:DCC_getErrorStatus)
                  00082bde    00000012     dcc.obj (.text:DCC_getSingleShotStatus)
                  00082bf0    00000011     device.obj (.text:Device_enableUnbondedGPIOPullups)
                  00082c01    00000011     device.obj (.text:SysCtl_setCMClk)
                  00082c12    0000000f     device.obj (.text:IPC_setBootMode)
                  00082c21    0000000f     device.obj (.text:IPC_setFlagLtoR)
                  00082c30    0000000e     interrupt.obj (.text:Interrupt_defaultHandler)
                  00082c3e    0000000d     interrupt.obj (.text:Interrupt_disableMaster)
                  00082c4b    0000000d     main.obj (.text:Interrupt_enableMaster)
                  00082c58    0000000d     device.obj (.text:SysCtl_setLowSpeedClock)
                  00082c65    0000000c     dcc.obj (.text:DCC_disableDoneSignal)
                  00082c71    0000000c     sysctl.obj (.text:DCC_disableDoneSignal)
                  00082c7d    0000000c     dcc.obj (.text:DCC_enableDoneSignal)
                  00082c89    0000000c     sysctl.obj (.text:SysCtl_setPLLSysClk)
                  00082c95    0000000c     rts2800_fpu64_eabi.lib : args_main.c.obj (.text)
                  00082ca1    0000000b     dcc.obj (.text:DCC_clearDoneFlag)
                  00082cac    0000000b     sysctl.obj (.text:DCC_clearDoneFlag)
                  00082cb7    0000000b     dcc.obj (.text:DCC_clearErrorFlag)
                  00082cc2    0000000b     sysctl.obj (.text:DCC_clearErrorFlag)
                  00082ccd    0000000b     dcc.obj (.text:DCC_disableErrorSignal)
                  00082cd8    0000000b     sysctl.obj (.text:DCC_disableErrorSignal)
                  00082ce3    0000000b     dcc.obj (.text:DCC_disableModule)
                  00082cee    0000000b     sysctl.obj (.text:DCC_disableModule)
                  00082cf9    0000000b     dcc.obj (.text:DCC_enableErrorSignal)
                  00082d04    0000000b     dcc.obj (.text:DCC_enableModule)
                  00082d0f    0000000b     sysctl.obj (.text:DCC_enableModule)
                  00082d1a    0000000b     device.obj (.text:SysCtl_isCMReset)
                  00082d25    0000000b     sysctl.obj (.text:SysCtl_isCMReset)
                  00082d30    0000000b     sysctl.obj (.text:SysCtl_isMCDClockFailureDetected)
                  00082d3b    00000009     rts2800_fpu64_eabi.lib : _lock.c.obj (.text)
                  00082d44    00000008     device.obj (.text:SysCtl_disableWatchdog)
                  00082d4c    00000008     rts2800_fpu64_eabi.lib : copy_decompress_none.c.obj (.text:decompress:none)
                  00082d54    00000008     f2838x_codestartbranch.obj (.text)
                  00082d5c    00000007     sysctl.obj (.text:SysCtl_resetMCD)
                  00082d63    00000002     interrupt.obj (.text:Interrupt_illegalOperationHandler)
                  00082d65    00000002     interrupt.obj (.text:Interrupt_nmiHandler)
                  00082d67    00000002     rts2800_fpu64_eabi.lib : pre_init.c.obj (.text)
                  00082d69    00000001                            : startup.c.obj (.text)

MODULE SUMMARY

       Module                       code   ro data   rw data
       ------                       ----   -------   -------
    .\
       main.obj                     135    0         0      
    +--+----------------------------+------+---------+---------+
       Total:                       135    0         0      
                                                            
    .\common\device\
       device.obj                   656    0         0      
       f2838x_codestartbranch.obj   10     0         0      
    +--+----------------------------+------+---------+---------+
       Total:                       666    0         0      
                                                            
    .\common\device\driverlib\
       sysctl.obj                   1298   0         0      
       ipc.obj                      0      136       544    
       gpio.obj                     442    0         0      
       dcc.obj                      429    0         0      
       flash.obj                    342    0         0      
       interrupt.obj                122    0         0      
    +--+----------------------------+------+---------+---------+
       Total:                       2633   136       544    
                                                            
    C:\ti\ccs1210\ccs\tools\compiler\ti-cgt-c2000_22.6.0.LTS\lib\rts2800_fpu64_eabi.lib
       fs_div28.asm.obj             136    0         0      
       exit.c.obj                   41     0         6      
       copy_decompress_lzss.c.obj   46     0         0      
       autoinit.c.obj               43     0         0      
       memcpy.c.obj                 29     0         0      
       boot28.asm.obj               25     0         0      
       _lock.c.obj                  9      0         4      
       args_main.c.obj              12     0         0      
       copy_decompress_none.c.obj   8      0         0      
       pre_init.c.obj               2      0         0      
       startup.c.obj                1      0         0      
    +--+----------------------------+------+---------+---------+
       Total:                       352    0         10     
                                                            
       Stack:                       0      0         512    
       Linker Generated:            0      17        0      
    +--+----------------------------+------+---------+---------+
       Grand Total:                 3786   153       1066   


LINKER GENERATED COPY TABLES

__TI_cinit_table @ 00088010 records: 1, size/record: 4, table size: 4
	.data: load addr=00088000, load size=00000009 bytes, run addr=0000a800, run size=0000000a bytes, compression=lzss


LINKER GENERATED HANDLER TABLE

__TI_handler_table @ 0008800a records: 2, size/record: 2, table size: 4
	index: 0, handler: __TI_decompress_lzss
	index: 1, handler: __TI_decompress_none


LINKER GENERATED MEMRANGE CRC TABLES

_ccs_flash_checksum @ 00000000 records: 16, size/record: 6, table size: 102, algorithm=C28_CHECKSUM_16(ID=13), CRC: 0000afa9
	BEGIN: page=0, load addr=00080000, size=00000002
	FLASH0: page=0, load addr=00080002, size=00001ffe
	FLASH1: page=0, load addr=00082000, size=00002000
	FLASH2: page=0, load addr=00084000, size=00002000
	FLASH3: page=0, load addr=00086000, size=00002000
	FLASH4: page=0, load addr=00088000, size=00008000
	FLASH5: page=0, load addr=00090000, size=00008000
	FLASH6: page=0, load addr=00098000, size=00008000
	FLASH7: page=0, load addr=000a0000, size=00008000
	FLASH8: page=0, load addr=000a8000, size=00008000
	FLASH9: page=0, load addr=000b0000, size=00008000
	FLASH10: page=0, load addr=000b8000, size=00002000
	FLASH11: page=0, load addr=000ba000, size=00002000
	FLASH12: page=0, load addr=000bc000, size=00002000
	FLASH13: page=0, load addr=000be000, size=00001ff0
	FLASH13_DO_NOT_USE: page=0, load addr=000bfff0, size=00000010


GLOBAL DATA SYMBOLS: SORTED BY DATA PAGE

address     data page           name
--------    ----------------    ----
00000400      10 (00000400)     __stack

0000a800     2a0 (0000a800)     __TI_enable_exit_profile_output
0000a802     2a0 (0000a800)     __TI_cleanup_ptr
0000a804     2a0 (0000a800)     __TI_dtors_ptr
0000a806     2a0 (0000a800)     _lock
0000a808     2a0 (0000a800)     _unlock

00038000     e00 (00038000)     IPC_CPU_To_CM_GetBuffer

00039000     e40 (00039000)     IPC_CPU_To_CM_PutBuffer

0003a000     e80 (0003a000)     IPC_CPU1_To_CPU2_PutBuffer

0003b000     ec0 (0003b000)     IPC_CPU1_To_CPU2_GetBuffer

00090000    2400 (00090000)     IPC_Instance


GLOBAL SYMBOLS: SORTED ALPHABETICALLY BY Name 

page  address   name                                     
----  -------   ----                                     
0     0008297f  C$$EXIT                                  
0     00082481  DCC_verifyClockFrequency                 
0     00082b3e  Device_bootCM                            
0     00082000  Device_enableAllPeripherals              
0     00082bf0  Device_enableUnbondedGPIOPullups         
0     00082bb9  Device_enableUnbondedGPIOPullupsFor176Pin
0     00082805  Device_init                              
0     00082a18  Device_initGPIO                          
0     00082a39  Device_verifyXTAL                        
0     00008000  Flash_initModule                         
0     0008283a  GPIO_init                                
0     0008274c  GPIO_setDirectionMode                    
0     000825c7  GPIO_setMasterCore                       
0     0008269f  GPIO_setPadConfig                        
0     000827ce  GPIO_setPinConfig                        
0     00082633  GPIO_setQualificationMode                
0     0003b000  IPC_CPU1_To_CPU2_GetBuffer               
0     0003a000  IPC_CPU1_To_CPU2_PutBuffer               
0     00038000  IPC_CPU_To_CM_GetBuffer                  
0     00039000  IPC_CPU_To_CM_PutBuffer                  
0     00090000  IPC_Instance                             
0     00082791  Interrupt_initModule                     
0     00082a57  Interrupt_initVectorTable                
0     000860af  RamfuncsLoadEnd                          
abs   000000af  RamfuncsLoadSize                         
0     00086000  RamfuncsLoadStart                        
0     000080af  RamfuncsRunEnd                           
abs   000000af  RamfuncsRunSize                          
0     00008000  RamfuncsRunStart                         
0     000829cf  SysCtl_controlCMReset                    
0     000080ab  SysCtl_delay                             
0     00082167  SysCtl_isPLLValid                        
0     00082929  SysCtl_selectOscSource                   
0     00082705  SysCtl_selectOscSourceAuxPLL             
0     000829f4  SysCtl_selectXTAL                        
0     00082ac6  SysCtl_selectXTALSingleEnded             
0     00082396  SysCtl_setAuxClock                       
0     00082289  SysCtl_setClock                          
0     00088010  __TI_CINIT_Base                          
0     00088014  __TI_CINIT_Limit                         
0     00088014  __TI_CINIT_Warm                          
0     0008800a  __TI_Handler_Table_Base                  
0     0008800e  __TI_Handler_Table_Limit                 
0     00000000  __TI_MEMRANGE_CRC__ccs_flash_checksum    
0     00000600  __TI_STACK_END                           
abs   00000200  __TI_STACK_SIZE                          
0     00082954  __TI_auto_init_nobinit_nopinit           
0     0000a802  __TI_cleanup_ptr                         
0     000828fb  __TI_decompress_lzss                     
0     00082d4c  __TI_decompress_none                     
0     0000a804  __TI_dtors_ptr                           
0     0000a800  __TI_enable_exit_profile_output          
abs   ffffffff  __TI_pprof_out_hndl                      
abs   ffffffff  __TI_prof_data_size                      
abs   ffffffff  __TI_prof_data_start                     
0     0008253f  __c28xabi_divf                           
n/a   UNDEFED   __c_args__                               
0     00000400  __stack                                  
0     00082c95  _args_main                               
0     00082ae0  _c_int00                                 
0     00000000  _ccs_flash_checksum                      
0     0000a806  _lock                                    
0     00082d43  _nop                                     
0     00082d3f  _register_lock                           
0     00082d3b  _register_unlock                         
0     00082d69  _system_post_cinit                       
0     00082d67  _system_pre_init                         
0     0000a808  _unlock                                  
0     0008297f  abort                                    
0     00080000  code_start                               
0     00082981  exit                                     
0     00082b27  main                                     
0     00082a75  memcpy                                   


GLOBAL SYMBOLS: SORTED BY Symbol Address 

page  address   name                                     
----  -------   ----                                     
0     00000000  __TI_MEMRANGE_CRC__ccs_flash_checksum    
0     00000000  _ccs_flash_checksum                      
0     00000400  __stack                                  
0     00000600  __TI_STACK_END                           
0     00008000  Flash_initModule                         
0     00008000  RamfuncsRunStart                         
0     000080ab  SysCtl_delay                             
0     000080af  RamfuncsRunEnd                           
0     0000a800  __TI_enable_exit_profile_output          
0     0000a802  __TI_cleanup_ptr                         
0     0000a804  __TI_dtors_ptr                           
0     0000a806  _lock                                    
0     0000a808  _unlock                                  
0     00038000  IPC_CPU_To_CM_GetBuffer                  
0     00039000  IPC_CPU_To_CM_PutBuffer                  
0     0003a000  IPC_CPU1_To_CPU2_PutBuffer               
0     0003b000  IPC_CPU1_To_CPU2_GetBuffer               
0     00080000  code_start                               
0     00082000  Device_enableAllPeripherals              
0     00082167  SysCtl_isPLLValid                        
0     00082289  SysCtl_setClock                          
0     00082396  SysCtl_setAuxClock                       
0     00082481  DCC_verifyClockFrequency                 
0     0008253f  __c28xabi_divf                           
0     000825c7  GPIO_setMasterCore                       
0     00082633  GPIO_setQualificationMode                
0     0008269f  GPIO_setPadConfig                        
0     00082705  SysCtl_selectOscSourceAuxPLL             
0     0008274c  GPIO_setDirectionMode                    
0     00082791  Interrupt_initModule                     
0     000827ce  GPIO_setPinConfig                        
0     00082805  Device_init                              
0     0008283a  GPIO_init                                
0     000828fb  __TI_decompress_lzss                     
0     00082929  SysCtl_selectOscSource                   
0     00082954  __TI_auto_init_nobinit_nopinit           
0     0008297f  C$$EXIT                                  
0     0008297f  abort                                    
0     00082981  exit                                     
0     000829cf  SysCtl_controlCMReset                    
0     000829f4  SysCtl_selectXTAL                        
0     00082a18  Device_initGPIO                          
0     00082a39  Device_verifyXTAL                        
0     00082a57  Interrupt_initVectorTable                
0     00082a75  memcpy                                   
0     00082ac6  SysCtl_selectXTALSingleEnded             
0     00082ae0  _c_int00                                 
0     00082b27  main                                     
0     00082b3e  Device_bootCM                            
0     00082bb9  Device_enableUnbondedGPIOPullupsFor176Pin
0     00082bf0  Device_enableUnbondedGPIOPullups         
0     00082c95  _args_main                               
0     00082d3b  _register_unlock                         
0     00082d3f  _register_lock                           
0     00082d43  _nop                                     
0     00082d4c  __TI_decompress_none                     
0     00082d67  _system_pre_init                         
0     00082d69  _system_post_cinit                       
0     00086000  RamfuncsLoadStart                        
0     000860af  RamfuncsLoadEnd                          
0     0008800a  __TI_Handler_Table_Base                  
0     0008800e  __TI_Handler_Table_Limit                 
0     00088010  __TI_CINIT_Base                          
0     00088014  __TI_CINIT_Limit                         
0     00088014  __TI_CINIT_Warm                          
0     00090000  IPC_Instance                             
abs   000000af  RamfuncsLoadSize                         
abs   000000af  RamfuncsRunSize                          
abs   00000200  __TI_STACK_SIZE                          
abs   ffffffff  __TI_pprof_out_hndl                      
abs   ffffffff  __TI_prof_data_size                      
abs   ffffffff  __TI_prof_data_start                     
n/a   UNDEFED   __c_args__                               

[73 symbols]
